Archive member included because of file (symbol)

G:\TD2_UNLaM - Repositorio\Programas\2016\Demo1769_20161024\lpc_board_nxp_lpcxpresso_1769\Debug\liblpc_board_nxp_lpcxpresso_1769.a(board.o)
                              ./src/Teclado.o (Board_LED_Toggle)
G:\TD2_UNLaM - Repositorio\Programas\2016\Demo1769_20161024\lpc_board_nxp_lpcxpresso_1769\Debug\liblpc_board_nxp_lpcxpresso_1769.a(board_sysinit.o)
                              ./src/sysinit.o (Board_SystemInit)
G:\TD2_UNLaM - Repositorio\Programas\2016\Demo1769_20161024\lib_ModuloSim908\Debug\liblib_ModuloSim908.a(LCD.o)
                              ./src/Main.o (LCD_Init)
G:\TD2_UNLaM - Repositorio\Programas\2016\Demo1769_20161024\lib_ModuloSim908\Debug\liblib_ModuloSim908.a(UART.o)
                              ./src/Main.o (UART_Init)
G:\TD2_UNLaM - Repositorio\Programas\2016\Demo1769_20161024\lpc_chip_175x_6x\Debug\liblpc_chip_175x_6x.a(chip_17xx_40xx.o)
                              ./src/Main.o (SystemCoreClock)
G:\TD2_UNLaM - Repositorio\Programas\2016\Demo1769_20161024\lpc_chip_175x_6x\Debug\liblpc_chip_175x_6x.a(clock_17xx_40xx.o)
                              G:\TD2_UNLaM - Repositorio\Programas\2016\Demo1769_20161024\lpc_chip_175x_6x\Debug\liblpc_chip_175x_6x.a(chip_17xx_40xx.o) (Chip_Clock_EnablePLL)
G:\TD2_UNLaM - Repositorio\Programas\2016\Demo1769_20161024\lpc_chip_175x_6x\Debug\liblpc_chip_175x_6x.a(i2s_17xx_40xx.o)
                              G:\TD2_UNLaM - Repositorio\Programas\2016\Demo1769_20161024\lpc_board_nxp_lpcxpresso_1769\Debug\liblpc_board_nxp_lpcxpresso_1769.a(board.o) (Chip_I2S_Init)
G:\TD2_UNLaM - Repositorio\Programas\2016\Demo1769_20161024\lpc_chip_175x_6x\Debug\liblpc_chip_175x_6x.a(iocon_17xx_40xx.o)
                              G:\TD2_UNLaM - Repositorio\Programas\2016\Demo1769_20161024\lpc_board_nxp_lpcxpresso_1769\Debug\liblpc_board_nxp_lpcxpresso_1769.a(board.o) (Chip_IOCON_PinMux)
G:\TD2_UNLaM - Repositorio\Programas\2016\Demo1769_20161024\lpc_chip_175x_6x\Debug\liblpc_chip_175x_6x.a(ring_buffer.o)
                              G:\TD2_UNLaM - Repositorio\Programas\2016\Demo1769_20161024\lib_ModuloSim908\Debug\liblib_ModuloSim908.a(UART.o) (RingBuffer_Init)
G:\TD2_UNLaM - Repositorio\Programas\2016\Demo1769_20161024\lpc_chip_175x_6x\Debug\liblpc_chip_175x_6x.a(sysinit_17xx_40xx.o)
                              G:\TD2_UNLaM - Repositorio\Programas\2016\Demo1769_20161024\lpc_board_nxp_lpcxpresso_1769\Debug\liblpc_board_nxp_lpcxpresso_1769.a(board_sysinit.o) (Chip_SetupXtalClocking)
G:\TD2_UNLaM - Repositorio\Programas\2016\Demo1769_20161024\lpc_chip_175x_6x\Debug\liblpc_chip_175x_6x.a(timer_17xx_40xx.o)
                              ./src/Teclado.o (Chip_TIMER_Init)
G:\TD2_UNLaM - Repositorio\Programas\2016\Demo1769_20161024\lpc_chip_175x_6x\Debug\liblpc_chip_175x_6x.a(uart_17xx_40xx.o)
                              G:\TD2_UNLaM - Repositorio\Programas\2016\Demo1769_20161024\lpc_board_nxp_lpcxpresso_1769\Debug\liblpc_board_nxp_lpcxpresso_1769.a(board.o) (Chip_UART_Init)
c:/nxp/lpcxpresso_7.9.0_455/lpcxpresso/tools/bin/../lib/gcc/arm-none-eabi/4.9.3/../../../../arm-none-eabi/lib/armv7-m\libcr_semihost.a(_cr__main.o)
                              ./src/cr_startup_lpc175x_6x.o (__main)
c:/nxp/lpcxpresso_7.9.0_455/lpcxpresso/tools/bin/../lib/gcc/arm-none-eabi/4.9.3/../../../../arm-none-eabi/lib/armv7-m\libcr_c.a(memcpy.o)
                              G:\TD2_UNLaM - Repositorio\Programas\2016\Demo1769_20161024\lpc_board_nxp_lpcxpresso_1769\Debug\liblpc_board_nxp_lpcxpresso_1769.a(board.o) (memcpy)
c:/nxp/lpcxpresso_7.9.0_455/lpcxpresso/tools/bin/../lib/gcc/arm-none-eabi/4.9.3/../../../../arm-none-eabi/lib/armv7-m\libcr_c.a(memset.o)
                              G:\TD2_UNLaM - Repositorio\Programas\2016\Demo1769_20161024\lib_ModuloSim908\Debug\liblib_ModuloSim908.a(UART.o) (memset)
c:/nxp/lpcxpresso_7.9.0_455/lpcxpresso/tools/bin/../lib/gcc/arm-none-eabi/4.9.3/../../../../arm-none-eabi/lib/armv7-m\libcr_c.a(fpprintf.o)
                              ./src/Main.o (printf)
c:/nxp/lpcxpresso_7.9.0_455/lpcxpresso/tools/bin/../lib/gcc/arm-none-eabi/4.9.3/../../../../arm-none-eabi/lib/armv7-m\libcr_c.a(initio.o)
                              c:/nxp/lpcxpresso_7.9.0_455/lpcxpresso/tools/bin/../lib/gcc/arm-none-eabi/4.9.3/../../../../arm-none-eabi/lib/armv7-m\libcr_semihost.a(_cr__main.o) (_initio)
c:/nxp/lpcxpresso_7.9.0_455/lpcxpresso/tools/bin/../lib/gcc/arm-none-eabi/4.9.3/../../../../arm-none-eabi/lib/armv7-m\libcr_c.a(itoa.o)
                              ./src/Main.o (itoa)
c:/nxp/lpcxpresso_7.9.0_455/lpcxpresso/tools/bin/../lib/gcc/arm-none-eabi/4.9.3/../../../../arm-none-eabi/lib/armv7-m\libcr_c.a(memcmp.o)
                              ./src/Sim908.o (memcmp)
c:/nxp/lpcxpresso_7.9.0_455/lpcxpresso/tools/bin/../lib/gcc/arm-none-eabi/4.9.3/../../../../arm-none-eabi/lib/armv7-m\libcr_c.a(printf.o)
[...]
Memory Configuration

Name             Origin             Length             Attributes
MFlash512        0x00000000         0x00080000         xr
RamLoc32         0x10000000         0x00008000         xrw
RamAHB32         0x2007c000         0x00008000         xrw
*default*        0x00000000         0xffffffff

Linker script and memory map

LOAD ./src/GPIO.o
LOAD ./src/Main.o
LOAD ./src/Sim908.o
LOAD ./src/Teclado.o
LOAD ./src/cr_startup_lpc175x_6x.o
LOAD ./src/crp.o
LOAD ./src/sysinit.o
LOAD G:\TD2_UNLaM - Repositorio\Programas\2016\Demo1769_20161024\lpc_board_nxp_lpcxpresso_1769\Debug\liblpc_board_nxp_lpcxpresso_1769.a
LOAD G:\TD2_UNLaM - Repositorio\Programas\2016\Demo1769_20161024\lib_ModuloSim908\Debug\liblib_ModuloSim908.a
LOAD G:\TD2_UNLaM - Repositorio\Programas\2016\Demo1769_20161024\lpc_chip_175x_6x\Debug\liblpc_chip_175x_6x.a
START GROUP
LOAD c:/nxp/lpcxpresso_7.9.0_455/lpcxpresso/tools/bin/../lib/gcc/arm-none-eabi/4.9.3/../../../../arm-none-eabi/lib/armv7-m\libcr_semihost.a
LOAD c:/nxp/lpcxpresso_7.9.0_455/lpcxpresso/tools/bin/../lib/gcc/arm-none-eabi/4.9.3/../../../../arm-none-eabi/lib/armv7-m\libcr_c.a
LOAD c:/nxp/lpcxpresso_7.9.0_455/lpcxpresso/tools/bin/../lib/gcc/arm-none-eabi/4.9.3/armv7-m\libcr_eabihelpers.a
END GROUP
                0x00080000                __top_MFlash512 = 0x80000
                0x00080000                __top_Flash = 0x80000
                0x10008000                __top_RamLoc32 = 0x10008000
                0x10008000                __top_RAM = 0x10008000
                0x20084000                __top_RamAHB32 = 0x20084000
                0x20084000                __top_RAM2 = 0x20084000

.text           0x00000000     0x5968
 FILL mask 0xff
                0x00000000                __vectors_start__ = ABSOLUTE (.)
 *(.isr_vector)
 .isr_vector    0x00000000       0xcc ./src/cr_startup_lpc175x_6x.o
                0x00000000                g_pfnVectors
                0x000000cc                . = ALIGN (0x4)
                0x000000cc                __section_table_start = .
                0x000000cc                __data_section_table = .
                0x000000cc        0x4 LONG 0x5968 LOADADDR (.data)
                0x000000d0        0x4 LONG 0x10000000 ADDR (.data)
                0x000000d4        0x4 LONG 0x0 SIZEOF (.data)
                0x000000d8        0x4 LONG 0x5968 LOADADDR (.data_RAM2)
                0x000000dc        0x4 LONG 0x2007c000 ADDR (.data_RAM2)
                0x000000e0        0x4 LONG 0x0 SIZEOF (.data_RAM2)
                0x000000e4                __data_section_table_end = .
                0x000000e4                __bss_section_table = .
                0x000000e4        0x4 LONG 0x10000000 ADDR (.bss)
                0x000000e8        0x4 LONG 0x2d4 SIZEOF (.bss)
                0x000000ec        0x4 LONG 0x2007c000 ADDR (.bss_RAM2)
                0x000000f0        0x4 LONG 0x0 SIZEOF (.bss_RAM2)
                0x000000f4                __bss_section_table_end = .
                0x000000f4                __section_table_end = .
 *(.after_vectors*)
 .after_vectors
                0x000000f4      0x144 ./src/cr_startup_lpc175x_6x.o
                0x000000f4                data_init
                0x00000138                bss_init
                0x00000170                ResetISR
                0x000001e8                NMI_Handler
                0x000001f0                HardFault_Handler
                0x000001f8                MemManage_Handler
                0x00000200                BusFault_Handler
                0x00000208                UsageFault_Handler
                0x00000210                SVC_Handler
                0x00000218                DebugMon_Handler
                0x00000220                PendSV_Handler
                0x00000230                EINT3_IRQHandler
                0x00000230                CANActivity_IRQHandler
                0x00000230                TIMER3_IRQHandler
                0x00000230                UART0_IRQHandler
                0x00000230                USBActivity_IRQHandler
                0x00000230                EINT2_IRQHandler
                0x00000230                IntDefaultHandler
                0x00000230                PLL0_IRQHandler
                0x00000230                CAN_IRQHandler
                0x00000230                I2C0_IRQHandler
                0x00000230                I2C1_IRQHandler
                0x00000230                I2S_IRQHandler
                0x00000230                I2C2_IRQHandler
                0x00000230                RTC_IRQHandler
                0x00000230                SPI_IRQHandler
                0x00000230                RIT_IRQHandler
                0x00000230                EINT1_IRQHandler
                0x00000230                UART2_IRQHandler
                0x00000230                ADC_IRQHandler
                0x00000230                SSP1_IRQHandler
                0x00000230                USB_IRQHandler
                0x00000230                BOD_IRQHandler
                0x00000230                PWM1_IRQHandler
                0x00000230                WDT_IRQHandler
                0x00000230                SSP0_IRQHandler
                0x00000230                QEI_IRQHandler
                0x00000230                EINT0_IRQHandler
                0x00000230                ETH_IRQHandler
                0x00000230                PLL1_IRQHandler
                0x00000230                DMA_IRQHandler
                0x00000230                TIMER2_IRQHandler
                0x00000230                UART3_IRQHandler
                0x00000230                MCPWM_IRQHandler
                0x000002fc                . = 0x2fc
 *fill*         0x00000238       0xc4 ff
                0x000002fc                PROVIDE (__CRP_WORD_START__, .)
 *(.crp)
 .crp           0x000002fc        0x4 ./src/crp.o
                0x000002fc                CRP_WORD
                0x00000300                PROVIDE (__CRP_WORD_END__, .)
                0x00000001                ASSERT (! ((__CRP_WORD_START__ == __CRP_WORD_END__)), Linker CRP Enabled, but no CRP_WORD provided within application)
 *(.text*)
 .text.Chip_GPIO_SetPinDIROutput
                0x00000300       0x38 ./src/GPIO.o
 .text.Chip_GPIO_SetPinDIRInput
                0x00000338       0x3c ./src/GPIO.o
 .text.Chip_GPIO_SetPinDIR
                0x00000374       0x44 ./src/GPIO.o
 .text.PIN_INIT
                0x000003b8       0x28 ./src/GPIO.o
                0x000003b8                PIN_INIT
 .text.NVIC_SetPriority
                0x000003e0       0x54 ./src/Main.o
 .text.SysTick_Config
                0x00000434       0x44 ./src/Main.o
 .text.SysTick_Handler
                0x00000478      0x208 ./src/Main.o
                0x00000478                SysTick_Handler
 .text.CONTROL_BoardInit
                0x00000680       0x40 ./src/Main.o
                0x00000680                CONTROL_BoardInit
 .text.APP_SMsInit
                0x000006c0       0x30 ./src/Main.o
                0x000006c0                APP_SMsInit
 .text.main     0x000006f0       0x20 ./src/Main.o
                0x000006f0                main
 .text.Chip_GPIO_SetPinState
                0x00000710       0x68 ./src/Sim908.o
 .text.Chip_GPIO_WritePortBit
                0x00000778       0x2c ./src/Sim908.o
 .text.Chip_GPIO_GetPinState
                0x000007a4       0x3c ./src/Sim908.o
 .text.Chip_GPIO_ReadPortBit
                0x000007e0       0x28 ./src/Sim908.o
 .text.Chip_GPIO_SetPinDIROutput
                0x00000808       0x38 ./src/Sim908.o
 .text.Chip_GPIO_SetPinDIRInput
                0x00000840       0x3c ./src/Sim908.o
 .text.Chip_GPIO_SetPinDIR
                0x0000087c       0x44 ./src/Sim908.o
 .text.SIM908_PWR_ON_PIN_INIT
                0x000008c0       0x18 ./src/Sim908.o
                0x000008c0                SIM908_PWR_ON_PIN_INIT
 .text.SIM908_GSM_SEL_PIN_INIT
                0x000008d8       0x18 ./src/Sim908.o
                0x000008d8                SIM908_GSM_SEL_PIN_INIT
 .text.SIM908_GPS_SEL_PIN_INIT
                0x000008f0       0x18 ./src/Sim908.o
                0x000008f0                SIM908_GPS_SEL_PIN_INIT
 .text.LED_GSM_PIN_INIT
                0x00000908       0x18 ./src/Sim908.o
                0x00000908                LED_GSM_PIN_INIT
 .text.LED_GPS_PIN_INIT
                0x00000920       0x18 ./src/Sim908.o
                0x00000920                LED_GPS_PIN_INIT
 .text.SIM_GPIO_Init
                0x00000938       0x1c ./src/Sim908.o
                0x00000938                SIM_GPIO_Init
 .text.LED_GSM_OFF
                0x00000954       0x18 ./src/Sim908.o
                0x00000954                LED_GSM_OFF
 .text.LED_GSM_ON
                0x0000096c       0x18 ./src/Sim908.o
                0x0000096c                LED_GSM_ON
 .text.LED_GSM_TOGGLE
                0x00000984       0x38 ./src/Sim908.o
                0x00000984                LED_GSM_TOGGLE
 .text.LED_GPS_OFF
                0x000009bc       0x18 ./src/Sim908.o
                0x000009bc                LED_GPS_OFF
 .text.LED_GPS_ON
                0x000009d4       0x18 ./src/Sim908.o
                0x000009d4                LED_GPS_ON
 .text.LED_GPS_TOGGLE
                0x000009ec       0x38 ./src/Sim908.o
                0x000009ec                LED_GPS_TOGGLE
 .text.NVIC_EnableIRQ
                0x00000a24       0x30 ./src/Teclado.o
 .text.NVIC_ClearPendingIRQ
                0x00000a54       0x34 ./src/Teclado.o
 .text.Chip_GPIO_SetPinState
                0x00000a88       0x68 ./src/Teclado.o
 .text.Chip_GPIO_WritePortBit
                0x00000af0       0x2c ./src/Teclado.o
 .text.Chip_GPIO_GetPinState
                0x00000b1c       0x3c ./src/Teclado.o
 .text.Chip_TIMER_MatchPending
                0x00000b58       0x34 ./src/Teclado.o
 .text.Chip_TIMER_ClearMatch
                0x00000b8c       0x28 ./src/Teclado.o
 .text.Chip_TIMER_Enable
                0x00000bb4       0x20 ./src/Teclado.o
 .text.Chip_TIMER_PrescaleSet
                0x00000bd4       0x1c ./src/Teclado.o
 .text.Chip_TIMER_SetMatch
                0x00000bf0       0x28 ./src/Teclado.o
 .text.Chip_TIMER_MatchEnableInt
                0x00000c18       0x34 ./src/Teclado.o
 .text.Chip_TIMER_ResetOnMatchEnable
                0x00000c4c       0x34 ./src/Teclado.o
 .text.Fila1_on
                0x00000c80       0x18 ./src/Teclado.o
 .text.Fila1_off
                0x00000c98       0x18 ./src/Teclado.o
 .text.Fila2_on
                0x00000cb0       0x18 ./src/Teclado.o
 .text.Fila2_off
                0x00000cc8       0x18 ./src/Teclado.o
 .text.Fila3_on
                0x00000ce0       0x18 ./src/Teclado.o
 .text.Fila3_off
                0x00000cf8       0x18 ./src/Teclado.o
 .text.Fila4_on
                0x00000d10       0x18 ./src/Teclado.o
 .text.Fila4_off
                0x00000d28       0x18 ./src/Teclado.o
 .text.Columna1
                0x00000d40       0x28 ./src/Teclado.o
 .text.Columna2
                0x00000d68       0x28 ./src/Teclado.o
 .text.Columna3
                0x00000d90       0x28 ./src/Teclado.o
 .text.Columna4
                0x00000db8       0x28 ./src/Teclado.o
 .text.Teclado_Tim0Init
                0x00000de0       0x78 ./src/Teclado.o
 .text.Teclado_Fila
                0x00000e58       0x58 ./src/Teclado.o
 .text.Teclado_Columna
                0x00000eb0       0x2c ./src/Teclado.o
 .text.TIMER0_IRQHandler
                0x00000edc      0x108 ./src/Teclado.o
                0x00000edc                TIMER0_IRQHandler
 .text.Teclado_Init
                0x00000fe4       0x74 ./src/Teclado.o
                0x00000fe4                Teclado_Init
 .text.SystemInit
                0x00001058       0x24 ./src/sysinit.o
                0x00001058                SystemInit
 .text.Chip_IOCON_Init
                0x0000107c       0x14 G:\TD2_UNLaM - Repositorio\Programas\2016\Demo1769_20161024\lpc_board_nxp_lpcxpresso_1769\Debug\liblpc_board_nxp_lpcxpresso_1769.a(board.o)
 .text.Chip_GPIO_Init
                0x00001090       0x14 G:\TD2_UNLaM - Repositorio\Programas\2016\Demo1769_20161024\lpc_board_nxp_lpcxpresso_1769\Debug\liblpc_board_nxp_lpcxpresso_1769.a(board.o)
 .text.Chip_GPIO_SetPinState
                0x000010a4       0x68 G:\TD2_UNLaM - Repositorio\Programas\2016\Demo1769_20161024\lpc_board_nxp_lpcxpresso_1769\Debug\liblpc_board_nxp_lpcxpresso_1769.a(board.o)
 .text.Chip_GPIO_WritePortBit
                0x0000110c       0x2c G:\TD2_UNLaM - Repositorio\Programas\2016\Demo1769_20161024\lpc_board_nxp_lpcxpresso_1769\Debug\liblpc_board_nxp_lpcxpresso_1769.a(board.o)
 .text.Chip_GPIO_GetPinState
                0x00001138       0x3c G:\TD2_UNLaM - Repositorio\Programas\2016\Demo1769_20161024\lpc_board_nxp_lpcxpresso_1769\Debug\liblpc_board_nxp_lpcxpresso_1769.a(board.o)
 .text.Chip_GPIO_ReadPortBit
                0x00001174       0x28 G:\TD2_UNLaM - Repositorio\Programas\2016\Demo1769_20161024\lpc_board_nxp_lpcxpresso_1769\Debug\liblpc_board_nxp_lpcxpresso_1769.a(board.o)
 .text.Chip_GPIO_SetPinDIROutput
                0x0000119c       0x38 G:\TD2_UNLaM - Repositorio\Programas\2016\Demo1769_20161024\lpc_board_nxp_lpcxpresso_1769\Debug\liblpc_board_nxp_lpcxpresso_1769.a(board.o)
 .text.Chip_GPIO_SetPinDIRInput
                0x000011d4       0x3c G:\TD2_UNLaM - Repositorio\Programas\2016\Demo1769_20161024\lpc_board_nxp_lpcxpresso_1769\Debug\liblpc_board_nxp_lpcxpresso_1769.a(board.o)
 .text.Chip_GPIO_SetPinDIR
                0x00001210       0x44 G:\TD2_UNLaM - Repositorio\Programas\2016\Demo1769_20161024\lpc_board_nxp_lpcxpresso_1769\Debug\liblpc_board_nxp_lpcxpresso_1769.a(board.o)
 .text.Chip_GPIO_WriteDirBit
                0x00001254       0x2c G:\TD2_UNLaM - Repositorio\Programas\2016\Demo1769_20161024\lpc_board_nxp_lpcxpresso_1769\Debug\liblpc_board_nxp_lpcxpresso_1769.a(board.o)
 .text.Chip_UART_SendByte
                0x00001280       0x1c G:\TD2_UNLaM - Repositorio\Programas\2016\Demo1769_20161024\lpc_board_nxp_lpcxpresso_1769\Debug\liblpc_board_nxp_lpcxpresso_1769.a(board.o)
 .text.Chip_UART_ConfigData
                0x0000129c       0x1c G:\TD2_UNLaM - Repositorio\Programas\2016\Demo1769_20161024\lpc_board_nxp_lpcxpresso_1769\Debug\liblpc_board_nxp_lpcxpresso_1769.a(board.o)
 .text.Chip_UART_ReadLineStatus
                0x000012b8       0x18 G:\TD2_UNLaM - Repositorio\Programas\2016\Demo1769_20161024\lpc_board_nxp_lpcxpresso_1769\Debug\liblpc_board_nxp_lpcxpresso_1769.a(board.o)
 .text.__sys_write
                0x000012d0       0x38 G:\TD2_UNLaM - Repositorio\Programas\2016\Demo1769_20161024\lpc_board_nxp_lpcxpresso_1769\Debug\liblpc_board_nxp_lpcxpresso_1769.a(board.o)
                0x000012d0                __sys_write
 .text.Board_LED_Init
                0x00001308       0x18 G:\TD2_UNLaM - Repositorio\Programas\2016\Demo1769_20161024\lpc_board_nxp_lpcxpresso_1769\Debug\liblpc_board_nxp_lpcxpresso_1769.a(board.o)
 .text.Board_UART_Init
                0x00001320       0x14 G:\TD2_UNLaM - Repositorio\Programas\2016\Demo1769_20161024\lpc_board_nxp_lpcxpresso_1769\Debug\liblpc_board_nxp_lpcxpresso_1769.a(board.o)
                0x00001320                Board_UART_Init
 .text.Board_Debug_Init
                0x00001334       0x30 G:\TD2_UNLaM - Repositorio\Programas\2016\Demo1769_20161024\lpc_board_nxp_lpcxpresso_1769\Debug\liblpc_board_nxp_lpcxpresso_1769.a(board.o)
                0x00001334                Board_Debug_Init
 .text.Board_UARTPutChar
                0x00001364       0x30 G:\TD2_UNLaM - Repositorio\Programas\2016\Demo1769_20161024\lpc_board_nxp_lpcxpresso_1769\Debug\liblpc_board_nxp_lpcxpresso_1769.a(board.o)
                0x00001364                Board_UARTPutChar
 .text.Board_LED_Set
                0x00001394       0x2c G:\TD2_UNLaM - Repositorio\Programas\2016\Demo1769_20161024\lpc_board_nxp_lpcxpresso_1769\Debug\liblpc_board_nxp_lpcxpresso_1769.a(board.o)
                0x00001394                Board_LED_Set
 .text.Board_LED_Test
                0x000013c0       0x30 G:\TD2_UNLaM - Repositorio\Programas\2016\Demo1769_20161024\lpc_board_nxp_lpcxpresso_1769\Debug\liblpc_board_nxp_lpcxpresso_1769.a(board.o)
                0x000013c0                Board_LED_Test
 .text.Board_LED_Toggle
                0x000013f0       0x40 G:\TD2_UNLaM - Repositorio\Programas\2016\Demo1769_20161024\lpc_board_nxp_lpcxpresso_1769\Debug\liblpc_board_nxp_lpcxpresso_1769.a(board.o)
                0x000013f0                Board_LED_Toggle
 .text.Board_Init
                0x00001430       0x24 G:\TD2_UNLaM - Repositorio\Programas\2016\Demo1769_20161024\lpc_board_nxp_lpcxpresso_1769\Debug\liblpc_board_nxp_lpcxpresso_1769.a(board.o)
                0x00001430                Board_Init
 .text.Chip_SYSCTL_SetFLASHAccess
                0x00001454       0x30 G:\TD2_UNLaM - Repositorio\Programas\2016\Demo1769_20161024\lpc_board_nxp_lpcxpresso_1769\Debug\liblpc_board_nxp_lpcxpresso_1769.a(board_sysinit.o)
 .text.Board_SetupMuxing
                0x00001484       0x18 G:\TD2_UNLaM - Repositorio\Programas\2016\Demo1769_20161024\lpc_board_nxp_lpcxpresso_1769\Debug\liblpc_board_nxp_lpcxpresso_1769.a(board_sysinit.o)
                0x00001484                Board_SetupMuxing
 .text.Board_SetupClocking
                0x0000149c       0x10 G:\TD2_UNLaM - Repositorio\Programas\2016\Demo1769_20161024\lpc_board_nxp_lpcxpresso_1769\Debug\liblpc_board_nxp_lpcxpresso_1769.a(board_sysinit.o)
                0x0000149c                Board_SetupClocking
 .text.Board_SystemInit
                0x000014ac       0x10 G:\TD2_UNLaM - Repositorio\Programas\2016\Demo1769_20161024\lpc_board_nxp_lpcxpresso_1769\Debug\liblpc_board_nxp_lpcxpresso_1769.a(board_sysinit.o)
                0x000014ac                Board_SystemInit
 .text.NVIC_EnableIRQ
                0x000014bc       0x30 G:\TD2_UNLaM - Repositorio\Programas\2016\Demo1769_20161024\lib_ModuloSim908\Debug\liblib_ModuloSim908.a(LCD.o)
 .text.Chip_GPIO_SetPinState
                0x000014ec       0x68 G:\TD2_UNLaM - Repositorio\Programas\2016\Demo1769_20161024\lib_ModuloSim908\Debug\liblib_ModuloSim908.a(LCD.o)
 .text.Chip_GPIO_WritePortBit
                0x00001554       0x2c G:\TD2_UNLaM - Repositorio\Programas\2016\Demo1769_20161024\lib_ModuloSim908\Debug\liblib_ModuloSim908.a(LCD.o)
 .text.Chip_GPIO_SetPinDIROutput
                0x00001580       0x38 G:\TD2_UNLaM - Repositorio\Programas\2016\Demo1769_20161024\lib_ModuloSim908\Debug\liblib_ModuloSim908.a(LCD.o)
 .text.Chip_GPIO_SetPinDIRInput
                0x000015b8       0x3c G:\TD2_UNLaM - Repositorio\Programas\2016\Demo1769_20161024\lib_ModuloSim908\Debug\liblib_ModuloSim908.a(LCD.o)
 .text.Chip_GPIO_SetPinDIR
                0x000015f4       0x44 G:\TD2_UNLaM - Repositorio\Programas\2016\Demo1769_20161024\lib_ModuloSim908\Debug\liblib_ModuloSim908.a(LCD.o)
 .text.Chip_TIMER_MatchPending
                0x00001638       0x34 G:\TD2_UNLaM - Repositorio\Programas\2016\Demo1769_20161024\lib_ModuloSim908\Debug\liblib_ModuloSim908.a(LCD.o)
 .text.Chip_TIMER_ClearMatch
                0x0000166c       0x28 G:\TD2_UNLaM - Repositorio\Programas\2016\Demo1769_20161024\lib_ModuloSim908\Debug\liblib_ModuloSim908.a(LCD.o)
 .text.Chip_TIMER_Enable
                0x00001694       0x20 G:\TD2_UNLaM - Repositorio\Programas\2016\Demo1769_20161024\lib_ModuloSim908\Debug\liblib_ModuloSim908.a(LCD.o)
 .text.Chip_TIMER_Disable
                0x000016b4       0x20 G:\TD2_UNLaM - Repositorio\Programas\2016\Demo1769_20161024\lib_ModuloSim908\Debug\liblib_ModuloSim908.a(LCD.o)
 .text.Chip_TIMER_PrescaleSet
                0x000016d4       0x1c G:\TD2_UNLaM - Repositorio\Programas\2016\Demo1769_20161024\lib_ModuloSim908\Debug\liblib_ModuloSim908.a(LCD.o)
 .text.Chip_TIMER_SetMatch
                0x000016f0       0x28 G:\TD2_UNLaM - Repositorio\Programas\2016\Demo1769_20161024\lib_ModuloSim908\Debug\liblib_ModuloSim908.a(LCD.o)
 .text.Chip_TIMER_MatchEnableInt
                0x00001718       0x34 G:\TD2_UNLaM - Repositorio\Programas\2016\Demo1769_20161024\lib_ModuloSim908\Debug\liblib_ModuloSim908.a(LCD.o)
 .text.Chip_TIMER_ResetOnMatchEnable
                0x0000174c       0x34 G:\TD2_UNLaM - Repositorio\Programas\2016\Demo1769_20161024\lib_ModuloSim908\Debug\liblib_ModuloSim908.a(LCD.o)
 .text.Chip_TIMER_StopOnMatchDisable
                0x00001780       0x38 G:\TD2_UNLaM - Repositorio\Programas\2016\Demo1769_20161024\lib_ModuloSim908\Debug\liblib_ModuloSim908.a(LCD.o)
 .text.LCD_Init
                0x000017b8       0xb8 G:\TD2_UNLaM - Repositorio\Programas\2016\Demo1769_20161024\lib_ModuloSim908\Debug\liblib_ModuloSim908.a(LCD.o)
                0x000017b8                LCD_Init
 .text.LCD_SendNibble
                0x00001870       0xc8 G:\TD2_UNLaM - Repositorio\Programas\2016\Demo1769_20161024\lib_ModuloSim908\Debug\liblib_ModuloSim908.a(LCD.o)
                0x00001870                LCD_SendNibble
 .text.LCD_SendChar
                0x00001938       0x7c G:\TD2_UNLaM - Repositorio\Programas\2016\Demo1769_20161024\lib_ModuloSim908\Debug\liblib_ModuloSim908.a(LCD.o)
                0x00001938                LCD_SendChar
 .text.LCD_SendInstruction
                0x000019b4       0x40 G:\TD2_UNLaM - Repositorio\Programas\2016\Demo1769_20161024\lib_ModuloSim908\Debug\liblib_ModuloSim908.a(LCD.o)
                0x000019b4                LCD_SendInstruction
 .text.LCD_SendByte
                0x000019f4       0x24 G:\TD2_UNLaM - Repositorio\Programas\2016\Demo1769_20161024\lib_ModuloSim908\Debug\liblib_ModuloSim908.a(LCD.o)
                0x000019f4                LCD_SendByte
 .text.LCD_GoToxy
                0x00001a18       0x64 G:\TD2_UNLaM - Repositorio\Programas\2016\Demo1769_20161024\lib_ModuloSim908\Debug\liblib_ModuloSim908.a(LCD.o)
                0x00001a18                LCD_GoToxy
 .text.LCD_Print
                0x00001a7c       0x28 G:\TD2_UNLaM - Repositorio\Programas\2016\Demo1769_20161024\lib_ModuloSim908\Debug\liblib_ModuloSim908.a(LCD.o)
                0x00001a7c                LCD_Print
 .text.LCD_Shift
                0x00001aa4       0x34 G:\TD2_UNLaM - Repositorio\Programas\2016\Demo1769_20161024\lib_ModuloSim908\Debug\liblib_ModuloSim908.a(LCD.o)
                0x00001aa4                LCD_Shift
 .text.LCD_Clrscr
                0x00001ad8       0x18 G:\TD2_UNLaM - Repositorio\Programas\2016\Demo1769_20161024\lib_ModuloSim908\Debug\liblib_ModuloSim908.a(LCD.o)
                0x00001ad8                LCD_Clrscr
 .text.LCD_usDelay
                0x00001af0       0x44 G:\TD2_UNLaM - Repositorio\Programas\2016\Demo1769_20161024\lib_ModuloSim908\Debug\liblib_ModuloSim908.a(LCD.o)
                0x00001af0                LCD_usDelay
 .text.LCD_Tim1Init
                0x00001b34       0x58 G:\TD2_UNLaM - Repositorio\Programas\2016\Demo1769_20161024\lib_ModuloSim908\Debug\liblib_ModuloSim908.a(LCD.o)
                0x00001b34                LCD_Tim1Init
 .text.TIMER1_IRQHandler
                0x00001b8c       0x30 G:\TD2_UNLaM - Repositorio\Programas\2016\Demo1769_20161024\lib_ModuloSim908\Debug\liblib_ModuloSim908.a(LCD.o)
                0x00001b8c                TIMER1_IRQHandler
 .text.RS_PIN_INIT
                0x00001bbc       0x28 G:\TD2_UNLaM - Repositorio\Programas\2016\Demo1769_20161024\lib_ModuloSim908\Debug\liblib_ModuloSim908.a(LCD.o)
                0x00001bbc                RS_PIN_INIT
 .text.EN_PIN_INIT
                0x00001be4       0x28 G:\TD2_UNLaM - Repositorio\Programas\2016\Demo1769_20161024\lib_ModuloSim908\Debug\liblib_ModuloSim908.a(LCD.o)
                0x00001be4                EN_PIN_INIT
 .text.D4_PIN_INIT
                0x00001c0c       0x28 G:\TD2_UNLaM - Repositorio\Programas\2016\Demo1769_20161024\lib_ModuloSim908\Debug\liblib_ModuloSim908.a(LCD.o)
                0x00001c0c                D4_PIN_INIT
 .text.D5_PIN_INIT
                0x00001c34       0x28 G:\TD2_UNLaM - Repositorio\Programas\2016\Demo1769_20161024\lib_ModuloSim908\Debug\liblib_ModuloSim908.a(LCD.o)
                0x00001c34                D5_PIN_INIT
 .text.D6_PIN_INIT
                0x00001c5c       0x28 G:\TD2_UNLaM - Repositorio\Programas\2016\Demo1769_20161024\lib_ModuloSim908\Debug\liblib_ModuloSim908.a(LCD.o)
                0x00001c5c                D6_PIN_INIT
 .text.D7_PIN_INIT
                0x00001c84       0x28 G:\TD2_UNLaM - Repositorio\Programas\2016\Demo1769_20161024\lib_ModuloSim908\Debug\liblib_ModuloSim908.a(LCD.o)
                0x00001c84                D7_PIN_INIT
 .text.NVIC_EnableIRQ
                0x00001cac       0x30 G:\TD2_UNLaM - Repositorio\Programas\2016\Demo1769_20161024\lib_ModuloSim908\Debug\liblib_ModuloSim908.a(UART.o)
 .text.NVIC_SetPriority
                0x00001cdc       0x54 G:\TD2_UNLaM - Repositorio\Programas\2016\Demo1769_20161024\lib_ModuloSim908\Debug\liblib_ModuloSim908.a(UART.o)
 .text.Chip_UART_IntEnable
                0x00001d30       0x20 G:\TD2_UNLaM - Repositorio\Programas\2016\Demo1769_20161024\lib_ModuloSim908\Debug\liblib_ModuloSim908.a(UART.o)
 .text.Chip_UART_SetupFIFOS
                0x00001d50       0x1c G:\TD2_UNLaM - Repositorio\Programas\2016\Demo1769_20161024\lib_ModuloSim908\Debug\liblib_ModuloSim908.a(UART.o)
 .text.Chip_UART_ConfigData
                0x00001d6c       0x1c G:\TD2_UNLaM - Repositorio\Programas\2016\Demo1769_20161024\lib_ModuloSim908\Debug\liblib_ModuloSim908.a(UART.o)
 .text.Init_UART_PinMux
                0x00001d88        0xc G:\TD2_UNLaM - Repositorio\Programas\2016\Demo1769_20161024\lib_ModuloSim908\Debug\liblib_ModuloSim908.a(UART.o)
 .text.UART1_IRQHandler
                0x00001d94       0x1c G:\TD2_UNLaM - Repositorio\Programas\2016\Demo1769_20161024\lib_ModuloSim908\Debug\liblib_ModuloSim908.a(UART.o)
                0x00001d94                UART1_IRQHandler
 .text.UART_Init
                0x00001db0       0xa4 G:\TD2_UNLaM - Repositorio\Programas\2016\Demo1769_20161024\lib_ModuloSim908\Debug\liblib_ModuloSim908.a(UART.o)
                0x00001db0                UART_Init
 .text.UART_print
                0x00001e54       0x30 G:\TD2_UNLaM - Repositorio\Programas\2016\Demo1769_20161024\lib_ModuloSim908\Debug\liblib_ModuloSim908.a(UART.o)
                0x00001e54                UART_print
 .text.SystemCoreClockUpdate
                0x00001e84       0x14 G:\TD2_UNLaM - Repositorio\Programas\2016\Demo1769_20161024\lpc_chip_175x_6x\Debug\liblpc_chip_175x_6x.a(chip_17xx_40xx.o)
                0x00001e84                SystemCoreClockUpdate
 .text.Chip_Clock_IsMainPLLEnabled
                0x00001e98       0x28 G:\TD2_UNLaM - Repositorio\Programas\2016\Demo1769_20161024\lpc_chip_175x_6x\Debug\liblpc_chip_175x_6x.a(clock_17xx_40xx.o)
 .text.Chip_Clock_IsMainPLLConnected
                0x00001ec0       0x28 G:\TD2_UNLaM - Repositorio\Programas\2016\Demo1769_20161024\lpc_chip_175x_6x\Debug\liblpc_chip_175x_6x.a(clock_17xx_40xx.o)
 .text.Chip_Clock_FeedPLL
                0x00001ee8       0x34 G:\TD2_UNLaM - Repositorio\Programas\2016\Demo1769_20161024\lpc_chip_175x_6x\Debug\liblpc_chip_175x_6x.a(clock_17xx_40xx.o)
 .text.Chip_Clock_GetMainPLLSource
                0x00001f1c       0x20 G:\TD2_UNLaM - Repositorio\Programas\2016\Demo1769_20161024\lpc_chip_175x_6x\Debug\liblpc_chip_175x_6x.a(clock_17xx_40xx.o)
 .text.Chip_Clock_GetMainOscRate
                0x00001f3c       0x18 G:\TD2_UNLaM - Repositorio\Programas\2016\Demo1769_20161024\lpc_chip_175x_6x\Debug\liblpc_chip_175x_6x.a(clock_17xx_40xx.o)
 .text.Chip_Clock_GetIntOscRate
                0x00001f54       0x14 G:\TD2_UNLaM - Repositorio\Programas\2016\Demo1769_20161024\lpc_chip_175x_6x\Debug\liblpc_chip_175x_6x.a(clock_17xx_40xx.o)
 .text.Chip_Clock_GetRTCOscRate
                0x00001f68       0x18 G:\TD2_UNLaM - Repositorio\Programas\2016\Demo1769_20161024\lpc_chip_175x_6x\Debug\liblpc_chip_175x_6x.a(clock_17xx_40xx.o)
 .text.Chip_Clock_GetMainPLLInClockRate
                0x00001f80       0x10 G:\TD2_UNLaM - Repositorio\Programas\2016\Demo1769_20161024\lpc_chip_175x_6x\Debug\liblpc_chip_175x_6x.a(clock_17xx_40xx.o)
 .text.Chip_Clock_EnablePLL
                0x00001f90       0x44 G:\TD2_UNLaM - Repositorio\Programas\2016\Demo1769_20161024\lpc_chip_175x_6x\Debug\liblpc_chip_175x_6x.a(clock_17xx_40xx.o)
                0x00001f90                Chip_Clock_EnablePLL
 .text.Chip_Clock_DisablePLL
                0x00001fd4       0x44 G:\TD2_UNLaM - Repositorio\Programas\2016\Demo1769_20161024\lpc_chip_175x_6x\Debug\liblpc_chip_175x_6x.a(clock_17xx_40xx.o)
                0x00001fd4                Chip_Clock_DisablePLL
 .text.Chip_Clock_SetupPLL
                0x00002018       0x58 G:\TD2_UNLaM - Repositorio\Programas\2016\Demo1769_20161024\lpc_chip_175x_6x\Debug\liblpc_chip_175x_6x.a(clock_17xx_40xx.o)
                0x00002018                Chip_Clock_SetupPLL
 .text.Chip_Clock_EnablePeriphClock
                0x00002070       0x34 G:\TD2_UNLaM - Repositorio\Programas\2016\Demo1769_20161024\lpc_chip_175x_6x\Debug\liblpc_chip_175x_6x.a(clock_17xx_40xx.o)
                0x00002070                Chip_Clock_EnablePeriphClock
 .text.Chip_Clock_GetCPUClockSource
                0x000020a4       0x24 G:\TD2_UNLaM - Repositorio\Programas\2016\Demo1769_20161024\lpc_chip_175x_6x\Debug\liblpc_chip_175x_6x.a(clock_17xx_40xx.o)
                0x000020a4                Chip_Clock_GetCPUClockSource
 .text.Chip_Clock_SetCPUClockDiv
                0x000020c8       0x20 G:\TD2_UNLaM - Repositorio\Programas\2016\Demo1769_20161024\lpc_chip_175x_6x\Debug\liblpc_chip_175x_6x.a(clock_17xx_40xx.o)
                0x000020c8                Chip_Clock_SetCPUClockDiv
 .text.Chip_Clock_GetCPUClockDiv
                0x000020e8       0x1c G:\TD2_UNLaM - Repositorio\Programas\2016\Demo1769_20161024\lpc_chip_175x_6x\Debug\liblpc_chip_175x_6x.a(clock_17xx_40xx.o)
                0x000020e8                Chip_Clock_GetCPUClockDiv
 .text.Chip_Clock_GetPCLKDiv
                0x00002104       0x90 G:\TD2_UNLaM - Repositorio\Programas\2016\Demo1769_20161024\lpc_chip_175x_6x\Debug\liblpc_chip_175x_6x.a(clock_17xx_40xx.o)
                0x00002104                Chip_Clock_GetPCLKDiv
 .text.Chip_Clock_GetSYSCLKRate
                0x00002194       0x34 G:\TD2_UNLaM - Repositorio\Programas\2016\Demo1769_20161024\lpc_chip_175x_6x\Debug\liblpc_chip_175x_6x.a(clock_17xx_40xx.o)
                0x00002194                Chip_Clock_GetSYSCLKRate
 .text.Chip_Clock_GetMainPLLOutClockRate
                0x000021c8       0x54 G:\TD2_UNLaM - Repositorio\Programas\2016\Demo1769_20161024\lpc_chip_175x_6x\Debug\liblpc_chip_175x_6x.a(clock_17xx_40xx.o)
                0x000021c8                Chip_Clock_GetMainPLLOutClockRate
 .text.Chip_Clock_GetMainClockRate
                0x0000221c       0x28 G:\TD2_UNLaM - Repositorio\Programas\2016\Demo1769_20161024\lpc_chip_175x_6x\Debug\liblpc_chip_175x_6x.a(clock_17xx_40xx.o)
                0x0000221c                Chip_Clock_GetMainClockRate
 .text.Chip_Clock_GetSystemClockRate
                0x00002244       0x18 G:\TD2_UNLaM - Repositorio\Programas\2016\Demo1769_20161024\lpc_chip_175x_6x\Debug\liblpc_chip_175x_6x.a(clock_17xx_40xx.o)
                0x00002244                Chip_Clock_GetSystemClockRate
 .text.Chip_Clock_GetPeripheralClockRate
                0x0000225c       0x28 G:\TD2_UNLaM - Repositorio\Programas\2016\Demo1769_20161024\lpc_chip_175x_6x\Debug\liblpc_chip_175x_6x.a(clock_17xx_40xx.o)
                0x0000225c                Chip_Clock_GetPeripheralClockRate
 .text.Chip_IOCON_PinMuxSet
                0x00002284       0x34 G:\TD2_UNLaM - Repositorio\Programas\2016\Demo1769_20161024\lpc_chip_175x_6x\Debug\liblpc_chip_175x_6x.a(iocon_17xx_40xx.o)
                0x00002284                Chip_IOCON_PinMuxSet
 .text.Chip_IOCON_PinMux
                0x000022b8       0x94 G:\TD2_UNLaM - Repositorio\Programas\2016\Demo1769_20161024\lpc_chip_175x_6x\Debug\liblpc_chip_175x_6x.a(iocon_17xx_40xx.o)
                0x000022b8                Chip_IOCON_PinMux
 .text.Chip_IOCON_SetPinMuxing
                0x0000234c       0x60 G:\TD2_UNLaM - Repositorio\Programas\2016\Demo1769_20161024\lpc_chip_175x_6x\Debug\liblpc_chip_175x_6x.a(iocon_17xx_40xx.o)
                0x0000234c                Chip_IOCON_SetPinMuxing
 .text.RingBuffer_GetCount
                0x000023ac       0x24 G:\TD2_UNLaM - Repositorio\Programas\2016\Demo1769_20161024\lpc_chip_175x_6x\Debug\liblpc_chip_175x_6x.a(ring_buffer.o)
 .text.RingBuffer_GetFree
                0x000023d0       0x20 G:\TD2_UNLaM - Repositorio\Programas\2016\Demo1769_20161024\lpc_chip_175x_6x\Debug\liblpc_chip_175x_6x.a(ring_buffer.o)
 .text.RingBuffer_IsFull
                0x000023f0       0x28 G:\TD2_UNLaM - Repositorio\Programas\2016\Demo1769_20161024\lpc_chip_175x_6x\Debug\liblpc_chip_175x_6x.a(ring_buffer.o)
 .text.RingBuffer_IsEmpty
                0x00002418       0x2c G:\TD2_UNLaM - Repositorio\Programas\2016\Demo1769_20161024\lpc_chip_175x_6x\Debug\liblpc_chip_175x_6x.a(ring_buffer.o)
 .text.RingBuffer_Init
                0x00002444       0x3c G:\TD2_UNLaM - Repositorio\Programas\2016\Demo1769_20161024\lpc_chip_175x_6x\Debug\liblpc_chip_175x_6x.a(ring_buffer.o)
                0x00002444                RingBuffer_Init
 .text.RingBuffer_Insert
                0x00002480       0x5c G:\TD2_UNLaM - Repositorio\Programas\2016\Demo1769_20161024\lpc_chip_175x_6x\Debug\liblpc_chip_175x_6x.a(ring_buffer.o)
                0x00002480                RingBuffer_Insert
 .text.RingBuffer_InsertMult
                0x000024dc      0x124 G:\TD2_UNLaM - Repositorio\Programas\2016\Demo1769_20161024\lpc_chip_175x_6x\Debug\liblpc_chip_175x_6x.a(ring_buffer.o)
                0x000024dc                RingBuffer_InsertMult
 .text.RingBuffer_Pop
                0x00002600       0x5c G:\TD2_UNLaM - Repositorio\Programas\2016\Demo1769_20161024\lpc_chip_175x_6x\Debug\liblpc_chip_175x_6x.a(ring_buffer.o)
                0x00002600                RingBuffer_Pop
 .text.Chip_Clock_IsMainPLLEnabled
                0x0000265c       0x28 G:\TD2_UNLaM - Repositorio\Programas\2016\Demo1769_20161024\lpc_chip_175x_6x\Debug\liblpc_chip_175x_6x.a(sysinit_17xx_40xx.o)
 .text.Chip_Clock_IsMainPLLLocked
                0x00002684       0x28 G:\TD2_UNLaM - Repositorio\Programas\2016\Demo1769_20161024\lpc_chip_175x_6x\Debug\liblpc_chip_175x_6x.a(sysinit_17xx_40xx.o)
 .text.Chip_Clock_IsMainPLLConnected
                0x000026ac       0x28 G:\TD2_UNLaM - Repositorio\Programas\2016\Demo1769_20161024\lpc_chip_175x_6x\Debug\liblpc_chip_175x_6x.a(sysinit_17xx_40xx.o)
 .text.Chip_Clock_EnableCrystal
                0x000026d4       0x20 G:\TD2_UNLaM - Repositorio\Programas\2016\Demo1769_20161024\lpc_chip_175x_6x\Debug\liblpc_chip_175x_6x.a(sysinit_17xx_40xx.o)
 .text.Chip_Clock_IsCrystalEnabled
                0x000026f4       0x28 G:\TD2_UNLaM - Repositorio\Programas\2016\Demo1769_20161024\lpc_chip_175x_6x\Debug\liblpc_chip_175x_6x.a(sysinit_17xx_40xx.o)
 .text.Chip_Clock_SetMainPLLSource
                0x0000271c       0x20 G:\TD2_UNLaM - Repositorio\Programas\2016\Demo1769_20161024\lpc_chip_175x_6x\Debug\liblpc_chip_175x_6x.a(sysinit_17xx_40xx.o)
 .text.Chip_SetupXtalClocking
                0x0000273c       0x90 G:\TD2_UNLaM - Repositorio\Programas\2016\Demo1769_20161024\lpc_chip_175x_6x\Debug\liblpc_chip_175x_6x.a(sysinit_17xx_40xx.o)
                0x0000273c                Chip_SetupXtalClocking
 .text.Chip_Timer_GetClockIndex
                0x000027cc       0x50 G:\TD2_UNLaM - Repositorio\Programas\2016\Demo1769_20161024\lpc_chip_175x_6x\Debug\liblpc_chip_175x_6x.a(timer_17xx_40xx.o)
 .text.Chip_TIMER_Init
                0x0000281c       0x1c G:\TD2_UNLaM - Repositorio\Programas\2016\Demo1769_20161024\lpc_chip_175x_6x\Debug\liblpc_chip_175x_6x.a(timer_17xx_40xx.o)
                0x0000281c                Chip_TIMER_Init
 .text.Chip_TIMER_Reset
                0x00002838       0x3c G:\TD2_UNLaM - Repositorio\Programas\2016\Demo1769_20161024\lpc_chip_175x_6x\Debug\liblpc_chip_175x_6x.a(timer_17xx_40xx.o)
                0x00002838                Chip_TIMER_Reset
 .text.RingBuffer_IsEmpty
                0x00002874       0x2c G:\TD2_UNLaM - Repositorio\Programas\2016\Demo1769_20161024\lpc_chip_175x_6x\Debug\liblpc_chip_175x_6x.a(uart_17xx_40xx.o)
 .text.Chip_UART_SendByte
                0x000028a0       0x1c G:\TD2_UNLaM - Repositorio\Programas\2016\Demo1769_20161024\lpc_chip_175x_6x\Debug\liblpc_chip_175x_6x.a(uart_17xx_40xx.o)
 .text.Chip_UART_ReadByte
                0x000028bc       0x1c G:\TD2_UNLaM - Repositorio\Programas\2016\Demo1769_20161024\lpc_chip_175x_6x\Debug\liblpc_chip_175x_6x.a(uart_17xx_40xx.o)
 .text.Chip_UART_IntEnable
                0x000028d8       0x20 G:\TD2_UNLaM - Repositorio\Programas\2016\Demo1769_20161024\lpc_chip_175x_6x\Debug\liblpc_chip_175x_6x.a(uart_17xx_40xx.o)
 .text.Chip_UART_IntDisable
                0x000028f8       0x24 G:\TD2_UNLaM - Repositorio\Programas\2016\Demo1769_20161024\lpc_chip_175x_6x\Debug\liblpc_chip_175x_6x.a(uart_17xx_40xx.o)
 .text.Chip_UART_ReadIntIDReg
                0x0000291c       0x18 G:\TD2_UNLaM - Repositorio\Programas\2016\Demo1769_20161024\lpc_chip_175x_6x\Debug\liblpc_chip_175x_6x.a(uart_17xx_40xx.o)
 .text.Chip_UART_SetupFIFOS
                0x00002934       0x1c G:\TD2_UNLaM - Repositorio\Programas\2016\Demo1769_20161024\lpc_chip_175x_6x\Debug\liblpc_chip_175x_6x.a(uart_17xx_40xx.o)
 .text.Chip_UART_ConfigData
                0x00002950       0x1c G:\TD2_UNLaM - Repositorio\Programas\2016\Demo1769_20161024\lpc_chip_175x_6x\Debug\liblpc_chip_175x_6x.a(uart_17xx_40xx.o)
 .text.Chip_UART_EnableDivisorAccess
                0x0000296c       0x20 G:\TD2_UNLaM - Repositorio\Programas\2016\Demo1769_20161024\lpc_chip_175x_6x\Debug\liblpc_chip_175x_6x.a(uart_17xx_40xx.o)
 .text.Chip_UART_DisableDivisorAccess
                0x0000298c       0x20 G:\TD2_UNLaM - Repositorio\Programas\2016\Demo1769_20161024\lpc_chip_175x_6x\Debug\liblpc_chip_175x_6x.a(uart_17xx_40xx.o)
 .text.Chip_UART_SetDivisorLatches
                0x000029ac       0x28 G:\TD2_UNLaM - Repositorio\Programas\2016\Demo1769_20161024\lpc_chip_175x_6x\Debug\liblpc_chip_175x_6x.a(uart_17xx_40xx.o)
 .text.Chip_UART_ReadLineStatus
                0x000029d4       0x18 G:\TD2_UNLaM - Repositorio\Programas\2016\Demo1769_20161024\lpc_chip_175x_6x\Debug\liblpc_chip_175x_6x.a(uart_17xx_40xx.o)
 .text.Chip_UART_SetAutoBaudReg
                0x000029ec       0x20 G:\TD2_UNLaM - Repositorio\Programas\2016\Demo1769_20161024\lpc_chip_175x_6x\Debug\liblpc_chip_175x_6x.a(uart_17xx_40xx.o)
 .text.Chip_UART_GetClockIndex
                0x00002a0c       0x50 G:\TD2_UNLaM - Repositorio\Programas\2016\Demo1769_20161024\lpc_chip_175x_6x\Debug\liblpc_chip_175x_6x.a(uart_17xx_40xx.o)
 .text.Chip_UART_ABIntHandler
                0x00002a5c       0x6c G:\TD2_UNLaM - Repositorio\Programas\2016\Demo1769_20161024\lpc_chip_175x_6x\Debug\liblpc_chip_175x_6x.a(uart_17xx_40xx.o)
 .text.Chip_UART_GetClkIndex
                0x00002ac8       0x50 G:\TD2_UNLaM - Repositorio\Programas\2016\Demo1769_20161024\lpc_chip_175x_6x\Debug\liblpc_chip_175x_6x.a(uart_17xx_40xx.o)
 .text.Chip_UART_Init
                0x00002b18       0x74 G:\TD2_UNLaM - Repositorio\Programas\2016\Demo1769_20161024\lpc_chip_175x_6x\Debug\liblpc_chip_175x_6x.a(uart_17xx_40xx.o)
                0x00002b18                Chip_UART_Init
 .text.Chip_UART_TXEnable
                0x00002b8c       0x18 G:\TD2_UNLaM - Repositorio\Programas\2016\Demo1769_20161024\lpc_chip_175x_6x\Debug\liblpc_chip_175x_6x.a(uart_17xx_40xx.o)
                0x00002b8c                Chip_UART_TXEnable
 .text.Chip_UART_TXDisable
                0x00002ba4       0x18 G:\TD2_UNLaM - Repositorio\Programas\2016\Demo1769_20161024\lpc_chip_175x_6x\Debug\liblpc_chip_175x_6x.a(uart_17xx_40xx.o)
                0x00002ba4                Chip_UART_TXDisable
 .text.Chip_UART_SetBaud
                0x00002bbc       0x64 G:\TD2_UNLaM - Repositorio\Programas\2016\Demo1769_20161024\lpc_chip_175x_6x\Debug\liblpc_chip_175x_6x.a(uart_17xx_40xx.o)
                0x00002bbc                Chip_UART_SetBaud
 .text.Chip_UART_RXIntHandlerRB
                0x00002c20       0x38 G:\TD2_UNLaM - Repositorio\Programas\2016\Demo1769_20161024\lpc_chip_175x_6x\Debug\liblpc_chip_175x_6x.a(uart_17xx_40xx.o)
                0x00002c20                Chip_UART_RXIntHandlerRB
 .text.Chip_UART_TXIntHandlerRB
                0x00002c58       0x40 G:\TD2_UNLaM - Repositorio\Programas\2016\Demo1769_20161024\lpc_chip_175x_6x\Debug\liblpc_chip_175x_6x.a(uart_17xx_40xx.o)
                0x00002c58                Chip_UART_TXIntHandlerRB
 .text.Chip_UART_SendRB
                0x00002c98       0x60 G:\TD2_UNLaM - Repositorio\Programas\2016\Demo1769_20161024\lpc_chip_175x_6x\Debug\liblpc_chip_175x_6x.a(uart_17xx_40xx.o)
                0x00002c98                Chip_UART_SendRB
 .text.Chip_UART_IRQRBHandler
                0x00002cf8       0x48 G:\TD2_UNLaM - Repositorio\Programas\2016\Demo1769_20161024\lpc_chip_175x_6x\Debug\liblpc_chip_175x_6x.a(uart_17xx_40xx.o)
                0x00002cf8                Chip_UART_IRQRBHandler
 .text.__main   0x00002d40       0x14 c:/nxp/lpcxpresso_7.9.0_455/lpcxpresso/tools/bin/../lib/gcc/arm-none-eabi/4.9.3/../../../../arm-none-eabi/lib/armv7-m\libcr_semihost.a(_cr__main.o)
                0x00002d40                __CR_SEMIHOST
                0x00002d40                __main
 .text.memcpy   0x00002d54        0x4 c:/nxp/lpcxpresso_7.9.0_455/lpcxpresso/tools/bin/../lib/gcc/arm-none-eabi/4.9.3/../../../../arm-none-eabi/lib/armv7-m\libcr_c.a(memcpy.o)
                0x00002d54                memcpy
 .text.memset   0x00002d58        0x4 c:/nxp/lpcxpresso_7.9.0_455/lpcxpresso/tools/bin/../lib/gcc/arm-none-eabi/4.9.3/../../../../arm-none-eabi/lib/armv7-m\libcr_c.a(memset.o)
                0x00002d58                memset
 .text.fp_round
                0x00002d5c       0x4a c:/nxp/lpcxpresso_7.9.0_455/lpcxpresso/tools/bin/../lib/gcc/arm-none-eabi/4.9.3/../../../../arm-none-eabi/lib/armv7-m\libcr_c.a(fpprintf.o)
 .text.pr_dec.constprop.1
                0x00002da6       0x26 c:/nxp/lpcxpresso_7.9.0_455/lpcxpresso/tools/bin/../lib/gcc/arm-none-eabi/4.9.3/../../../../arm-none-eabi/lib/armv7-m\libcr_c.a(fpprintf.o)
 .text.sprintf  0x00002dcc       0x6c c:/nxp/lpcxpresso_7.9.0_455/lpcxpresso/tools/bin/../lib/gcc/arm-none-eabi/4.9.3/../../../../arm-none-eabi/lib/armv7-m\libcr_c.a(fpprintf.o)
                0x00002dcc                sprintf
 .text.fp_display
                0x00002e38      0x900 c:/nxp/lpcxpresso_7.9.0_455/lpcxpresso/tools/bin/../lib/gcc/arm-none-eabi/4.9.3/../../../../arm-none-eabi/lib/armv7-m\libcr_c.a(fpprintf.o)
 .text.vsnprintf
                0x00003738       0x5c c:/nxp/lpcxpresso_7.9.0_455/lpcxpresso/tools/bin/../lib/gcc/arm-none-eabi/4.9.3/../../../../arm-none-eabi/lib/armv7-m\libcr_c.a(fpprintf.o)
                0x00003738                vsnprintf
 .text.printf   0x00003794       0x54 c:/nxp/lpcxpresso_7.9.0_455/lpcxpresso/tools/bin/../lib/gcc/arm-none-eabi/4.9.3/../../../../arm-none-eabi/lib/armv7-m\libcr_c.a(fpprintf.o)
                0x00003794                printf
 .text._initio  0x000037e8       0xa4 c:/nxp/lpcxpresso_7.9.0_455/lpcxpresso/tools/bin/../lib/gcc/arm-none-eabi/4.9.3/../../../../arm-none-eabi/lib/armv7-m\libcr_c.a(initio.o)
                0x000037e8                _initio
 .text.__vfprintf
                0x0000388c      0xca4 c:/nxp/lpcxpresso_7.9.0_455/lpcxpresso/tools/bin/../lib/gcc/arm-none-eabi/4.9.3/../../../../arm-none-eabi/lib/armv7-m\libcr_c.a(printf.o)
                0x0000388c                __vfprintf
 .text.setvbuf  0x00004530       0x40 c:/nxp/lpcxpresso_7.9.0_455/lpcxpresso/tools/bin/../lib/gcc/arm-none-eabi/4.9.3/../../../../arm-none-eabi/lib/armv7-m\libcr_c.a(setvbuf.o)
                0x00004530                setvbuf
 .text.strlen   0x00004570       0x4a c:/nxp/lpcxpresso_7.9.0_455/lpcxpresso/tools/bin/../lib/gcc/arm-none-eabi/4.9.3/../../../../arm-none-eabi/lib/armv7-m\libcr_c.a(strlen.o)
                0x00004570                strlen
 .text._deferredlazyseek
                0x000045ba       0x44 c:/nxp/lpcxpresso_7.9.0_455/lpcxpresso/tools/bin/../lib/gcc/arm-none-eabi/4.9.3/../../../../arm-none-eabi/lib/armv7-m\libcr_c.a(_deferredlazyseek.o)
                0x000045ba                _deferredlazyseek
 .text.__flsbuf
                0x000045fe      0x142 c:/nxp/lpcxpresso_7.9.0_455/lpcxpresso/tools/bin/../lib/gcc/arm-none-eabi/4.9.3/../../../../arm-none-eabi/lib/armv7-m\libcr_c.a(_deferredlazyseek.o)
                0x000045fe                __flsbuf
 .text._fdopen  0x00004740       0x6a c:/nxp/lpcxpresso_7.9.0_455/lpcxpresso/tools/bin/../lib/gcc/arm-none-eabi/4.9.3/../../../../arm-none-eabi/lib/armv7-m\libcr_c.a(_fdopen.o)
                0x00004740                _fdopen
 .text._fflush  0x000047aa       0x58 c:/nxp/lpcxpresso_7.9.0_455/lpcxpresso/tools/bin/../lib/gcc/arm-none-eabi/4.9.3/../../../../arm-none-eabi/lib/armv7-m\libcr_c.a(_fflush.o)
                0x000047aa                _fflush
 .text._frexpl  0x00004802       0x5a c:/nxp/lpcxpresso_7.9.0_455/lpcxpresso/tools/bin/../lib/gcc/arm-none-eabi/4.9.3/../../../../arm-none-eabi/lib/armv7-m\libcr_c.a(_frexpl.o)
                0x00004802                _frexpl
 .text._ldexpl  0x0000485c       0x4c c:/nxp/lpcxpresso_7.9.0_455/lpcxpresso/tools/bin/../lib/gcc/arm-none-eabi/4.9.3/../../../../arm-none-eabi/lib/armv7-m\libcr_c.a(_ldexpl.o)
                0x0000485c                _ldexpl
 .text._Cwritebuf
                0x000048a8       0x68 c:/nxp/lpcxpresso_7.9.0_455/lpcxpresso/tools/bin/../lib/gcc/arm-none-eabi/4.9.3/../../../../arm-none-eabi/lib/armv7-m\libcr_c.a(_writebuf.o)
                0x000048a8                _Cwritebuf
 .text.malloc   0x00004910       0xcc c:/nxp/lpcxpresso_7.9.0_455/lpcxpresso/tools/bin/../lib/gcc/arm-none-eabi/4.9.3/../../../../arm-none-eabi/lib/armv7-m\libcr_c.a(alloc.o)
                0x00004910                malloc
 .text.free     0x000049dc       0x30 c:/nxp/lpcxpresso_7.9.0_455/lpcxpresso/tools/bin/../lib/gcc/arm-none-eabi/4.9.3/../../../../arm-none-eabi/lib/armv7-m\libcr_c.a(alloc.o)
                0x000049dc                free
 .text._Csys_alloc
                0x00004a0c       0x20 c:/nxp/lpcxpresso_7.9.0_455/lpcxpresso/tools/bin/../lib/gcc/arm-none-eabi/4.9.3/../../../../arm-none-eabi/lib/armv7-m\libcr_c.a(alloc.o)
                0x00004a0c                _Csys_alloc
 .text.fclose   0x00004a2c       0x6c c:/nxp/lpcxpresso_7.9.0_455/lpcxpresso/tools/bin/../lib/gcc/arm-none-eabi/4.9.3/../../../../arm-none-eabi/lib/armv7-m\libcr_c.a(fclose.o)
                0x00004a2c                fclose
 .text.fflush   0x00004a98       0x30 c:/nxp/lpcxpresso_7.9.0_455/lpcxpresso/tools/bin/../lib/gcc/arm-none-eabi/4.9.3/../../../../arm-none-eabi/lib/armv7-m\libcr_c.a(fflush.o)
                0x00004a98                fflush
 .text.fseek    0x00004ac8      0x110 c:/nxp/lpcxpresso_7.9.0_455/lpcxpresso/tools/bin/../lib/gcc/arm-none-eabi/4.9.3/../../../../arm-none-eabi/lib/armv7-m\libcr_c.a(fseek.o)
                0x00004ac8                fseek
 .text.ftell    0x00004bd8       0x4c c:/nxp/lpcxpresso_7.9.0_455/lpcxpresso/tools/bin/../lib/gcc/arm-none-eabi/4.9.3/../../../../arm-none-eabi/lib/armv7-m\libcr_c.a(ftell.o)
                0x00004bd8                ftell
 .text.remove   0x00004c24       0x14 c:/nxp/lpcxpresso_7.9.0_455/lpcxpresso/tools/bin/../lib/gcc/arm-none-eabi/4.9.3/../../../../arm-none-eabi/lib/armv7-m\libcr_c.a(remove.o)
                0x00004c24                remove
 .text._sbrk    0x00004c38       0x40 c:/nxp/lpcxpresso_7.9.0_455/lpcxpresso/tools/bin/../lib/gcc/arm-none-eabi/4.9.3/../../../../arm-none-eabi/lib/armv7-m\libcr_c.a(_cr_sbrk.o)
                0x00004c38                _sbrk
 .text._do_fflush
                0x00004c78       0x44 c:/nxp/lpcxpresso_7.9.0_455/lpcxpresso/tools/bin/../lib/gcc/arm-none-eabi/4.9.3/../../../../arm-none-eabi/lib/armv7-m\libcr_c.a(_do_fflush.o)
                0x00004c78                _do_fflush
 .text.__check_heap_overflow
                0x00004cbc       0x18 c:/nxp/lpcxpresso_7.9.0_455/lpcxpresso/tools/bin/../lib/gcc/arm-none-eabi/4.9.3/../../../../arm-none-eabi/lib/armv7-m\libcr_c.a(_cr_check_heap.o)
                0x00004cbc                __check_heap_overflow
 .text.__aeabi_dmul
                0x00004cd4      0x120 c:/nxp/lpcxpresso_7.9.0_455/lpcxpresso/tools/bin/../lib/gcc/arm-none-eabi/4.9.3/armv7-m\libcr_eabihelpers.a(double.o)
                0x00004cd4                __aeabi_dmul
 .text.__aeabi_ddiv
                0x00004df4      0x150 c:/nxp/lpcxpresso_7.9.0_455/lpcxpresso/tools/bin/../lib/gcc/arm-none-eabi/4.9.3/armv7-m\libcr_eabihelpers.a(double.o)
                0x00004df4                __aeabi_ddiv
 .text.__aeabi_dsub
                0x00004f44      0x1d8 c:/nxp/lpcxpresso_7.9.0_455/lpcxpresso/tools/bin/../lib/gcc/arm-none-eabi/4.9.3/armv7-m\libcr_eabihelpers.a(double.o)
                0x00004f44                __aeabi_dsub
 .text.__aeabi_dadd
                0x0000511c      0x134 c:/nxp/lpcxpresso_7.9.0_455/lpcxpresso/tools/bin/../lib/gcc/arm-none-eabi/4.9.3/armv7-m\libcr_eabihelpers.a(double.o)
                0x0000511c                __aeabi_dadd
 .text.__aeabi_d2iz
                0x00005250       0x40 c:/nxp/lpcxpresso_7.9.0_455/lpcxpresso/tools/bin/../lib/gcc/arm-none-eabi/4.9.3/armv7-m\libcr_eabihelpers.a(double.o)
                0x00005250                __aeabi_d2iz
 .text.__bhs_ui2d
                0x00005290       0x48 c:/nxp/lpcxpresso_7.9.0_455/lpcxpresso/tools/bin/../lib/gcc/arm-none-eabi/4.9.3/armv7-m\libcr_eabihelpers.a(double.o)
                0x00005290                __bhs_ui2d
 .text.__aeabi_i2d
                0x000052d8       0x14 c:/nxp/lpcxpresso_7.9.0_455/lpcxpresso/tools/bin/../lib/gcc/arm-none-eabi/4.9.3/armv7-m\libcr_eabihelpers.a(double.o)
                0x000052d8                __aeabi_i2d
 .text.__aeabi_dcmpeq
                0x000052ec       0x2c c:/nxp/lpcxpresso_7.9.0_455/lpcxpresso/tools/bin/../lib/gcc/arm-none-eabi/4.9.3/armv7-m\libcr_eabihelpers.a(double.o)
                0x000052ec                __aeabi_dcmpeq
 .text.__aeabi_dcmplt
                0x00005318       0x5c c:/nxp/lpcxpresso_7.9.0_455/lpcxpresso/tools/bin/../lib/gcc/arm-none-eabi/4.9.3/armv7-m\libcr_eabihelpers.a(double.o)
                0x00005318                __aeabi_dcmplt
 .text.__aeabi_dcmple
                0x00005374       0x5c c:/nxp/lpcxpresso_7.9.0_455/lpcxpresso/tools/bin/../lib/gcc/arm-none-eabi/4.9.3/armv7-m\libcr_eabihelpers.a(double.o)
                0x00005374                __aeabi_dcmple
 .text.__aeabi_dcmpge
                0x000053d0       0x5c c:/nxp/lpcxpresso_7.9.0_455/lpcxpresso/tools/bin/../lib/gcc/arm-none-eabi/4.9.3/armv7-m\libcr_eabihelpers.a(double.o)
                0x000053d0                __aeabi_dcmpge
 .text.__aeabi_memcpy
                0x0000542c       0x34 c:/nxp/lpcxpresso_7.9.0_455/lpcxpresso/tools/bin/../lib/gcc/arm-none-eabi/4.9.3/armv7-m\libcr_eabihelpers.a(memcpy.o)
                0x0000542c                __aeabi_memcpy
                0x00005436                __aeabi_memcpy8
                0x00005436                __aeabi_memcpy4
 .text.__aeabi_memset_lowlevel
                0x00005460       0x32 c:/nxp/lpcxpresso_7.9.0_455/lpcxpresso/tools/bin/../lib/gcc/arm-none-eabi/4.9.3/armv7-m\libcr_eabihelpers.a(memcpy.o)
                0x00005460                __aeabi_lowlevel_memset
 *fill*         0x00005492        0x2 
 .text.__sys_appexit
                0x00005494        0xc c:/nxp/lpcxpresso_7.9.0_455/lpcxpresso/tools/bin/../lib/gcc/arm-none-eabi/4.9.3/../../../../arm-none-eabi/lib/armv7-m\libcr_semihost.a(__sys_appexit.o)
                0x00005494                __sys_appexit
                0x00005494                __exit
 .text.__sys_close
                0x000054a0        0xc c:/nxp/lpcxpresso_7.9.0_455/lpcxpresso/tools/bin/../lib/gcc/arm-none-eabi/4.9.3/../../../../arm-none-eabi/lib/armv7-m\libcr_semihost.a(__sys_close.o)
                0x000054a0                __sys_close
 .text.__sys_flen
                0x000054ac        0xc c:/nxp/lpcxpresso_7.9.0_455/lpcxpresso/tools/bin/../lib/gcc/arm-none-eabi/4.9.3/../../../../arm-none-eabi/lib/armv7-m\libcr_semihost.a(__sys_flen.o)
                0x000054ac                __sys_flen
 .text.__sys_istty
                0x000054b8        0xc c:/nxp/lpcxpresso_7.9.0_455/lpcxpresso/tools/bin/../lib/gcc/arm-none-eabi/4.9.3/../../../../arm-none-eabi/lib/armv7-m\libcr_semihost.a(__sys_istty.o)
                0x000054b8                __sys_istty
 .text.__sys_remove
                0x000054c4        0xc c:/nxp/lpcxpresso_7.9.0_455/lpcxpresso/tools/bin/../lib/gcc/arm-none-eabi/4.9.3/../../../../arm-none-eabi/lib/armv7-m\libcr_semihost.a(__sys_remove.o)
                0x000054c4                __sys_remove
 .text.__sys_seek
                0x000054d0        0xc c:/nxp/lpcxpresso_7.9.0_455/lpcxpresso/tools/bin/../lib/gcc/arm-none-eabi/4.9.3/../../../../arm-none-eabi/lib/armv7-m\libcr_semihost.a(__sys_seek.o)
                0x000054d0                __sys_seek
 .text.__sys_tmpnam
                0x000054dc        0xc c:/nxp/lpcxpresso_7.9.0_455/lpcxpresso/tools/bin/../lib/gcc/arm-none-eabi/4.9.3/../../../../arm-none-eabi/lib/armv7-m\libcr_semihost.a(__sys_tmpnam.o)
                0x000054dc                __sys_tmpnam
 *(.rodata .rodata.* .constdata .constdata.*)
 .rodata        0x000054e8      0x37c ./src/Main.o
 .rodata.OscRateIn
                0x00005864        0x4 G:\TD2_UNLaM - Repositorio\Programas\2016\Demo1769_20161024\lpc_board_nxp_lpcxpresso_1769\Debug\liblpc_board_nxp_lpcxpresso_1769.a(board.o)
                0x00005864                OscRateIn
 .rodata.RTCOscRateIn
                0x00005868        0x4 G:\TD2_UNLaM - Repositorio\Programas\2016\Demo1769_20161024\lpc_board_nxp_lpcxpresso_1769\Debug\liblpc_board_nxp_lpcxpresso_1769.a(board.o)
                0x00005868                RTCOscRateIn
 .rodata.pinmuxing
                0x0000586c       0x48 G:\TD2_UNLaM - Repositorio\Programas\2016\Demo1769_20161024\lpc_board_nxp_lpcxpresso_1769\Debug\liblpc_board_nxp_lpcxpresso_1769.a(board_sysinit.o)
 .rodata        0x000058b4       0x11 G:\TD2_UNLaM - Repositorio\Programas\2016\Demo1769_20161024\lib_ModuloSim908\Debug\liblib_ModuloSim908.a(LCD.o)
 *fill*         0x000058c5        0x3 
 .rodata        0x000058c8       0x13 G:\TD2_UNLaM - Repositorio\Programas\2016\Demo1769_20161024\lib_ModuloSim908\Debug\liblib_ModuloSim908.a(UART.o)
 .rodata.str1.1
                0x000058db       0x34 c:/nxp/lpcxpresso_7.9.0_455/lpcxpresso/tools/bin/../lib/gcc/arm-none-eabi/4.9.3/../../../../arm-none-eabi/lib/armv7-m\libcr_c.a(fpprintf.o)
                                 0x35 (size before relaxing)
 .rodata.str1.1
                0x0000590f        0x4 c:/nxp/lpcxpresso_7.9.0_455/lpcxpresso/tools/bin/../lib/gcc/arm-none-eabi/4.9.3/../../../../arm-none-eabi/lib/armv7-m\libcr_c.a(initio.o)
 .rodata.str1.1
                0x00005913       0x31 c:/nxp/lpcxpresso_7.9.0_455/lpcxpresso/tools/bin/../lib/gcc/arm-none-eabi/4.9.3/../../../../arm-none-eabi/lib/armv7-m\libcr_c.a(printf.o)
                                 0x38 (size before relaxing)
 *fill*         0x00005944        0x4 
 .rodata.__huge_vall
                0x00005948        0x8 c:/nxp/lpcxpresso_7.9.0_455/lpcxpresso/tools/bin/../lib/gcc/arm-none-eabi/4.9.3/../../../../arm-none-eabi/lib/armv7-m\libcr_c.a(_hugeval.o)
                0x00005948                __huge_vall
 .rodata.str1.1
                0x00005950       0x18 c:/nxp/lpcxpresso_7.9.0_455/lpcxpresso/tools/bin/../lib/gcc/arm-none-eabi/4.9.3/../../../../arm-none-eabi/lib/armv7-m\libcr_c.a(alloc.o)
                0x00005968                . = ALIGN (0x4)

.glue_7         0x00005968        0x0
 .glue_7        0x00000000        0x0 linker stubs

.glue_7t        0x00005968        0x0
 .glue_7t       0x00000000        0x0 linker stubs

.vfp11_veneer   0x00005968        0x0
 .vfp11_veneer  0x00000000        0x0 linker stubs

.v4_bx          0x00005968        0x0
 .v4_bx         0x00000000        0x0 linker stubs

.iplt           0x00005968        0x0
 .iplt          0x00000000        0x0 ./src/GPIO.o

.rel.dyn        0x00005968        0x0
 .rel.iplt      0x00000000        0x0 ./src/GPIO.o

.ARM.extab
 *(.ARM.extab* .gnu.linkonce.armextab.*)
                0x00005968                __exidx_start = .

.ARM.exidx
 *(.ARM.exidx* .gnu.linkonce.armexidx.*)
                0x00005968                __exidx_end = .
                0x00005968                _etext = .

.data_RAM2      0x2007c000        0x0 load address 0x00005968
 FILL mask 0xff
                0x2007c000                PROVIDE (__start_data_RAM2, .)
 *(.ramfunc.$RAM2)
 *(.ramfunc.$RamAHB32)
 *(.data.$RAM2*)
 *(.data.$RamAHB32*)
                0x2007c000                . = ALIGN (0x4)
                0x2007c000                PROVIDE (__end_data_RAM2, .)

.uninit_RESERVED
                0x10000000        0x0
 *(.bss.$RESERVED*)
                0x10000000                . = ALIGN (0x4)
                0x10000000                _end_uninit_RESERVED = .

.data           0x10000000        0x0 load address 0x00005968
 FILL mask 0xff
                0x10000000                _data = .
 *(vtable)
 *(.ramfunc*)
 *(.data*)
                0x10000000                . = ALIGN (0x4)
                0x10000000                _edata = .

.igot.plt       0x10000000        0x0 load address 0x00005968
 .igot.plt      0x00000000        0x0 ./src/GPIO.o

.bss_RAM2       0x2007c000        0x0
                0x2007c000                PROVIDE (__start_bss_RAM2, .)
 *(.bss.$RAM2*)
 *(.bss.$RamAHB32*)
                0x2007c000                . = ALIGN ((. != 0x0)?0x4:0x1)
                0x2007c000                PROVIDE (__end_bss_RAM2, .)

.bss            0x10000000      0x2d4
                0x10000000                _bss = .
 *(.bss*)
 .bss.ledBlink  0x10000000        0x4 ./src/Main.o
                0x10000000                ledBlink
 .bss.Lcd_refresh
                0x10000004        0x4 ./src/Main.o
                0x10000004                Lcd_refresh
 .bss.GPS_working
                0x10000008        0x1 ./src/Main.o
                0x10000008                GPS_working
 .bss.GSM_working
                0x10000009        0x1 ./src/Main.o
                0x10000009                GSM_working
 *fill*         0x1000000a        0x2 
 .bss.state_Ant
                0x1000000c        0x4 ./src/Main.o
                0x1000000c                state_Ant
 .bss.conf_state_Ant
                0x10000010        0x4 ./src/Main.o
                0x10000010                conf_state_Ant
 .bss.gsm_state_Ant
                0x10000014        0x4 ./src/Main.o
                0x10000014                gsm_state_Ant
 .bss.gps_state_Ant
                0x10000018        0x4 ./src/Main.o
                0x10000018                gps_state_Ant
 .bss.lcd_state_Ant
                0x1000001c        0x4 ./src/Main.o
                0x1000001c                lcd_state_Ant
 .bss.stage_Ant
                0x10000020        0x4 ./src/Main.o
                0x10000020                stage_Ant
 .bss.Teclas    0x10000024        0x4 ./src/Teclado.o
                0x10000024                Teclas
 .bss.TeclasAnterior
                0x10000028        0x4 ./src/Teclado.o
                0x10000028                TeclasAnterior
 .bss.TeclaPresionada
                0x1000002c        0x4 ./src/Teclado.o
                0x1000002c                TeclaPresionada
 .bss.TiempoPresionado
                0x10000030        0x4 ./src/Teclado.o
                0x10000030                TiempoPresionado
 .bss.buzz      0x10000034        0x4 ./src/Teclado.o
                0x10000034                buzz
 .bss.Presionado
                0x10000038        0x1 ./src/Teclado.o
                0x10000038                Presionado
 .bss.PresionLarga
                0x10000039        0x1 ./src/Teclado.o
                0x10000039                PresionLarga
 *fill*         0x1000003a        0x2 
 .bss.Lcd_CurrentLine
                0x1000003c        0x4 G:\TD2_UNLaM - Repositorio\Programas\2016\Demo1769_20161024\lib_ModuloSim908\Debug\liblib_ModuloSim908.a(LCD.o)
                0x1000003c                Lcd_CurrentLine
 .bss.rxbuff    0x10000040       0x20 G:\TD2_UNLaM - Repositorio\Programas\2016\Demo1769_20161024\lib_ModuloSim908\Debug\liblib_ModuloSim908.a(UART.o)
 .bss.txbuff    0x10000060       0x80 G:\TD2_UNLaM - Repositorio\Programas\2016\Demo1769_20161024\lib_ModuloSim908\Debug\liblib_ModuloSim908.a(UART.o)
 .bss.ABsyncSts
                0x100000e0        0x1 G:\TD2_UNLaM - Repositorio\Programas\2016\Demo1769_20161024\lpc_chip_175x_6x\Debug\liblpc_chip_175x_6x.a(uart_17xx_40xx.o)
 *fill*         0x100000e1        0x3 
 .bss.errno     0x100000e4        0x4 c:/nxp/lpcxpresso_7.9.0_455/lpcxpresso/tools/bin/../lib/gcc/arm-none-eabi/4.9.3/../../../../arm-none-eabi/lib/armv7-m\libcr_c.a(errno.o)
                0x100000e4                errno
 *(COMMON)
 COMMON         0x100000e8       0x70 ./src/Main.o
                0x100000e8                LapsedTime
                0x100000ec                appData
                0x10000150                LapsedTimeToError
 COMMON         0x10000158        0x4 G:\TD2_UNLaM - Repositorio\Programas\2016\Demo1769_20161024\lib_ModuloSim908\Debug\liblib_ModuloSim908.a(LCD.o)
                0x10000158                usTicks
 COMMON         0x1000015c       0x28 G:\TD2_UNLaM - Repositorio\Programas\2016\Demo1769_20161024\lib_ModuloSim908\Debug\liblib_ModuloSim908.a(UART.o)
                0x1000015c                txring
                0x10000170                rxring
 COMMON         0x10000184        0x4 G:\TD2_UNLaM - Repositorio\Programas\2016\Demo1769_20161024\lpc_chip_175x_6x\Debug\liblpc_chip_175x_6x.a(chip_17xx_40xx.o)
                0x10000184                SystemCoreClock
 COMMON         0x10000188        0x4 c:/nxp/lpcxpresso_7.9.0_455/lpcxpresso/tools/bin/../lib/gcc/arm-none-eabi/4.9.3/../../../../arm-none-eabi/lib/armv7-m\libcr_c.a(initio.o)
                0x10000188                _extra
 COMMON         0x1000018c      0x140 c:/nxp/lpcxpresso_7.9.0_455/lpcxpresso/tools/bin/../lib/gcc/arm-none-eabi/4.9.3/../../../../arm-none-eabi/lib/armv7-m\libcr_c.a(stdio.o)
                0x1000018c                __Ciob
 COMMON         0x100002cc        0x8 c:/nxp/lpcxpresso_7.9.0_455/lpcxpresso/tools/bin/../lib/gcc/arm-none-eabi/4.9.3/../../../../arm-none-eabi/lib/armv7-m\libcr_c.a(__init_alloc.o)
                0x100002cc                __heaps
                0x100002d0                __end_of_heap
                0x100002d4                . = ALIGN (0x4)
                0x100002d4                _ebss = .
                0x100002d4                PROVIDE (end, .)

.noinit_RAM2    0x2007c000        0x0
 *(.noinit.$RAM2*)
 *(.noinit.$RamAHB32*)
                0x2007c000                . = ALIGN (0x4)

.noinit         0x100002d4        0x0
                0x100002d4                _noinit = .
 *(.noinit*)
                0x100002d4                . = ALIGN (0x4)
                0x100002d4                _end_noinit = .
                0x100002d4                PROVIDE (_pvHeapStart, DEFINED (__user_heap_base)?__user_heap_base:.)
                0x10008000                PROVIDE (_vStackTop, DEFINED (__user_stack_top)?__user_stack_top:(__top_RamLoc32 - 0x0))
                0xefff74b2                PROVIDE (__valid_user_code_checksum, (0x0 - ((((((_vStackTop + (ResetISR + 0x1)) + (NMI_Handler + 0x1)) + (HardFault_Handler + 0x1)) + (DEFINED (MemManage_Handler)?MemManage_Handler:0x0 + 0x1)) + (DEFINED (BusFault_Handler)?BusFault_Handler:0x0 + 0x1)) + (DEFINED (UsageFault_Handler)?UsageFault_Handler:0x0 + 0x1))))
OUTPUT(Main.axf elf32-littlearm)

.debug_info     0x00000000     0x7d69
 .debug_info    0x00000000      0x448 ./src/GPIO.o
 .debug_info    0x00000448      0xcd5 ./src/Main.o
 .debug_info    0x0000111d      0x759 ./src/Sim908.o
 .debug_info    0x00001876      0xae0 ./src/Teclado.o
 .debug_info    0x00002356      0x24e ./src/cr_startup_lpc175x_6x.o
 .debug_info    0x000025a4       0x3f ./src/crp.o
 .debug_info    0x000025e3      0x110 ./src/sysinit.o
 .debug_info    0x000026f3      0xe41 G:\TD2_UNLaM - Repositorio\Programas\2016\Demo1769_20161024\lpc_board_nxp_lpcxpresso_1769\Debug\liblpc_board_nxp_lpcxpresso_1769.a(board.o)
 .debug_info    0x00003534      0x558 G:\TD2_UNLaM - Repositorio\Programas\2016\Demo1769_20161024\lpc_board_nxp_lpcxpresso_1769\Debug\liblpc_board_nxp_lpcxpresso_1769.a(board_sysinit.o)
 .debug_info    0x00003a8c      0xccf G:\TD2_UNLaM - Repositorio\Programas\2016\Demo1769_20161024\lib_ModuloSim908\Debug\liblib_ModuloSim908.a(LCD.o)
 .debug_info    0x0000475b      0xa19 G:\TD2_UNLaM - Repositorio\Programas\2016\Demo1769_20161024\lib_ModuloSim908\Debug\liblib_ModuloSim908.a(UART.o)
 .debug_info    0x00005174      0x425 G:\TD2_UNLaM - Repositorio\Programas\2016\Demo1769_20161024\lpc_chip_175x_6x\Debug\liblpc_chip_175x_6x.a(chip_17xx_40xx.o)
 .debug_info    0x00005599      0xb46 G:\TD2_UNLaM - Repositorio\Programas\2016\Demo1769_20161024\lpc_chip_175x_6x\Debug\liblpc_chip_175x_6x.a(clock_17xx_40xx.o)
 .debug_info    0x000060df      0x2d9 G:\TD2_UNLaM - Repositorio\Programas\2016\Demo1769_20161024\lpc_chip_175x_6x\Debug\liblpc_chip_175x_6x.a(iocon_17xx_40xx.o)
 .debug_info    0x000063b8      0x344 G:\TD2_UNLaM - Repositorio\Programas\2016\Demo1769_20161024\lpc_chip_175x_6x\Debug\liblpc_chip_175x_6x.a(ring_buffer.o)
 .debug_info    0x000066fc      0x431 G:\TD2_UNLaM - Repositorio\Programas\2016\Demo1769_20161024\lpc_chip_175x_6x\Debug\liblpc_chip_175x_6x.a(sysinit_17xx_40xx.o)
 .debug_info    0x00006b2d      0x3ec G:\TD2_UNLaM - Repositorio\Programas\2016\Demo1769_20161024\lpc_chip_175x_6x\Debug\liblpc_chip_175x_6x.a(timer_17xx_40xx.o)
 .debug_info    0x00006f19      0xe50 G:\TD2_UNLaM - Repositorio\Programas\2016\Demo1769_20161024\lpc_chip_175x_6x\Debug\liblpc_chip_175x_6x.a(uart_17xx_40xx.o)

.debug_abbrev   0x00000000     0x1f30
 .debug_abbrev  0x00000000      0x164 ./src/GPIO.o
 .debug_abbrev  0x00000164      0x250 ./src/Main.o
 .debug_abbrev  0x000003b4      0x1d7 ./src/Sim908.o
 .debug_abbrev  0x0000058b      0x281 ./src/Teclado.o
 .debug_abbrev  0x0000080c       0xf5 ./src/cr_startup_lpc175x_6x.o
 .debug_abbrev  0x00000901       0x36 ./src/crp.o
 .debug_abbrev  0x00000937       0xa3 ./src/sysinit.o
 .debug_abbrev  0x000009da      0x327 G:\TD2_UNLaM - Repositorio\Programas\2016\Demo1769_20161024\lpc_board_nxp_lpcxpresso_1769\Debug\liblpc_board_nxp_lpcxpresso_1769.a(board.o)
 .debug_abbrev  0x00000d01      0x15a G:\TD2_UNLaM - Repositorio\Programas\2016\Demo1769_20161024\lpc_board_nxp_lpcxpresso_1769\Debug\liblpc_board_nxp_lpcxpresso_1769.a(board_sysinit.o)
 .debug_abbrev  0x00000e5b      0x279 G:\TD2_UNLaM - Repositorio\Programas\2016\Demo1769_20161024\lib_ModuloSim908\Debug\liblib_ModuloSim908.a(LCD.o)
 .debug_abbrev  0x000010d4      0x24a G:\TD2_UNLaM - Repositorio\Programas\2016\Demo1769_20161024\lib_ModuloSim908\Debug\liblib_ModuloSim908.a(UART.o)
 .debug_abbrev  0x0000131e      0x129 G:\TD2_UNLaM - Repositorio\Programas\2016\Demo1769_20161024\lpc_chip_175x_6x\Debug\liblpc_chip_175x_6x.a(chip_17xx_40xx.o)
 .debug_abbrev  0x00001447      0x2e4 G:\TD2_UNLaM - Repositorio\Programas\2016\Demo1769_20161024\lpc_chip_175x_6x\Debug\liblpc_chip_175x_6x.a(clock_17xx_40xx.o)
 .debug_abbrev  0x0000172b      0x126 G:\TD2_UNLaM - Repositorio\Programas\2016\Demo1769_20161024\lpc_chip_175x_6x\Debug\liblpc_chip_175x_6x.a(iocon_17xx_40xx.o)
 .debug_abbrev  0x00001851      0x12d G:\TD2_UNLaM - Repositorio\Programas\2016\Demo1769_20161024\lpc_chip_175x_6x\Debug\liblpc_chip_175x_6x.a(ring_buffer.o)
 .debug_abbrev  0x0000197e      0x171 G:\TD2_UNLaM - Repositorio\Programas\2016\Demo1769_20161024\lpc_chip_175x_6x\Debug\liblpc_chip_175x_6x.a(sysinit_17xx_40xx.o)
 .debug_abbrev  0x00001aef      0x15f G:\TD2_UNLaM - Repositorio\Programas\2016\Demo1769_20161024\lpc_chip_175x_6x\Debug\liblpc_chip_175x_6x.a(timer_17xx_40xx.o)
 .debug_abbrev  0x00001c4e      0x2e2 G:\TD2_UNLaM - Repositorio\Programas\2016\Demo1769_20161024\lpc_chip_175x_6x\Debug\liblpc_chip_175x_6x.a(uart_17xx_40xx.o)

.debug_aranges  0x00000000      0xb88
 .debug_aranges
                0x00000000       0xa0 ./src/GPIO.o
 .debug_aranges
                0x000000a0      0x108 ./src/Main.o
 .debug_aranges
                0x000001a8       0xf8 ./src/Sim908.o
 .debug_aranges
                0x000002a0      0x128 ./src/Teclado.o
 .debug_aranges
                0x000003c8       0x80 ./src/cr_startup_lpc175x_6x.o
 .debug_aranges
                0x00000448       0x18 ./src/crp.o
 .debug_aranges
                0x00000460       0x20 ./src/sysinit.o
 .debug_aranges
                0x00000480      0x158 G:\TD2_UNLaM - Repositorio\Programas\2016\Demo1769_20161024\lpc_board_nxp_lpcxpresso_1769\Debug\liblpc_board_nxp_lpcxpresso_1769.a(board.o)
 .debug_aranges
                0x000005d8       0x38 G:\TD2_UNLaM - Repositorio\Programas\2016\Demo1769_20161024\lpc_board_nxp_lpcxpresso_1769\Debug\liblpc_board_nxp_lpcxpresso_1769.a(board_sysinit.o)
 .debug_aranges
                0x00000610      0x140 G:\TD2_UNLaM - Repositorio\Programas\2016\Demo1769_20161024\lib_ModuloSim908\Debug\liblib_ModuloSim908.a(LCD.o)
 .debug_aranges
                0x00000750       0x88 G:\TD2_UNLaM - Repositorio\Programas\2016\Demo1769_20161024\lib_ModuloSim908\Debug\liblib_ModuloSim908.a(UART.o)
 .debug_aranges
                0x000007d8       0x38 G:\TD2_UNLaM - Repositorio\Programas\2016\Demo1769_20161024\lpc_chip_175x_6x\Debug\liblpc_chip_175x_6x.a(chip_17xx_40xx.o)
 .debug_aranges
                0x00000810      0x120 G:\TD2_UNLaM - Repositorio\Programas\2016\Demo1769_20161024\lpc_chip_175x_6x\Debug\liblpc_chip_175x_6x.a(clock_17xx_40xx.o)
 .debug_aranges
                0x00000930       0x30 G:\TD2_UNLaM - Repositorio\Programas\2016\Demo1769_20161024\lpc_chip_175x_6x\Debug\liblpc_chip_175x_6x.a(iocon_17xx_40xx.o)
 .debug_aranges
                0x00000960       0x60 G:\TD2_UNLaM - Repositorio\Programas\2016\Demo1769_20161024\lpc_chip_175x_6x\Debug\liblpc_chip_175x_6x.a(ring_buffer.o)
 .debug_aranges
                0x000009c0       0x60 G:\TD2_UNLaM - Repositorio\Programas\2016\Demo1769_20161024\lpc_chip_175x_6x\Debug\liblpc_chip_175x_6x.a(sysinit_17xx_40xx.o)
 .debug_aranges
                0x00000a20       0x40 G:\TD2_UNLaM - Repositorio\Programas\2016\Demo1769_20161024\lpc_chip_175x_6x\Debug\liblpc_chip_175x_6x.a(timer_17xx_40xx.o)
 .debug_aranges
                0x00000a60      0x128 G:\TD2_UNLaM - Repositorio\Programas\2016\Demo1769_20161024\lpc_chip_175x_6x\Debug\liblpc_chip_175x_6x.a(uart_17xx_40xx.o)

.debug_ranges   0x00000000      0xa60
 .debug_ranges  0x00000000       0x90 ./src/GPIO.o
 .debug_ranges  0x00000090       0xf8 ./src/Main.o
 .debug_ranges  0x00000188       0xe8 ./src/Sim908.o
 .debug_ranges  0x00000270      0x118 ./src/Teclado.o
 .debug_ranges  0x00000388       0x70 ./src/cr_startup_lpc175x_6x.o
 .debug_ranges  0x000003f8       0x10 ./src/sysinit.o
 .debug_ranges  0x00000408      0x148 G:\TD2_UNLaM - Repositorio\Programas\2016\Demo1769_20161024\lpc_board_nxp_lpcxpresso_1769\Debug\liblpc_board_nxp_lpcxpresso_1769.a(board.o)
 .debug_ranges  0x00000550       0x28 G:\TD2_UNLaM - Repositorio\Programas\2016\Demo1769_20161024\lpc_board_nxp_lpcxpresso_1769\Debug\liblpc_board_nxp_lpcxpresso_1769.a(board_sysinit.o)
 .debug_ranges  0x00000578      0x130 G:\TD2_UNLaM - Repositorio\Programas\2016\Demo1769_20161024\lib_ModuloSim908\Debug\liblib_ModuloSim908.a(LCD.o)
 .debug_ranges  0x000006a8       0x78 G:\TD2_UNLaM - Repositorio\Programas\2016\Demo1769_20161024\lib_ModuloSim908\Debug\liblib_ModuloSim908.a(UART.o)
 .debug_ranges  0x00000720       0x28 G:\TD2_UNLaM - Repositorio\Programas\2016\Demo1769_20161024\lpc_chip_175x_6x\Debug\liblpc_chip_175x_6x.a(chip_17xx_40xx.o)
 .debug_ranges  0x00000748      0x110 G:\TD2_UNLaM - Repositorio\Programas\2016\Demo1769_20161024\lpc_chip_175x_6x\Debug\liblpc_chip_175x_6x.a(clock_17xx_40xx.o)
 .debug_ranges  0x00000858       0x20 G:\TD2_UNLaM - Repositorio\Programas\2016\Demo1769_20161024\lpc_chip_175x_6x\Debug\liblpc_chip_175x_6x.a(iocon_17xx_40xx.o)
 .debug_ranges  0x00000878       0x50 G:\TD2_UNLaM - Repositorio\Programas\2016\Demo1769_20161024\lpc_chip_175x_6x\Debug\liblpc_chip_175x_6x.a(ring_buffer.o)
 .debug_ranges  0x000008c8       0x50 G:\TD2_UNLaM - Repositorio\Programas\2016\Demo1769_20161024\lpc_chip_175x_6x\Debug\liblpc_chip_175x_6x.a(sysinit_17xx_40xx.o)
 .debug_ranges  0x00000918       0x30 G:\TD2_UNLaM - Repositorio\Programas\2016\Demo1769_20161024\lpc_chip_175x_6x\Debug\liblpc_chip_175x_6x.a(timer_17xx_40xx.o)
 .debug_ranges  0x00000948      0x118 G:\TD2_UNLaM - Repositorio\Programas\2016\Demo1769_20161024\lpc_chip_175x_6x\Debug\liblpc_chip_175x_6x.a(uart_17xx_40xx.o)

.debug_macro    0x00000000     0x6f6d
 .debug_macro   0x00000000      0x220 ./src/GPIO.o
 .debug_macro   0x00000220      0x880 ./src/GPIO.o
 .debug_macro   0x00000aa0       0x22 ./src/GPIO.o
 .debug_macro   0x00000ac2       0x7c ./src/GPIO.o
 .debug_macro   0x00000b3e       0x10 ./src/GPIO.o
 .debug_macro   0x00000b4e      0x12d ./src/GPIO.o
 .debug_macro   0x00000c7b      0x5b2 ./src/GPIO.o
 .debug_macro   0x0000122d       0x7b ./src/GPIO.o
 .debug_macro   0x000012a8       0x10 ./src/GPIO.o
 .debug_macro   0x000012b8       0x2d ./src/GPIO.o
 .debug_macro   0x000012e5       0x3a ./src/GPIO.o
 .debug_macro   0x0000131f       0x2d ./src/GPIO.o
 .debug_macro   0x0000134c      0xbb1 ./src/GPIO.o
 .debug_macro   0x00001efd      0x217 ./src/GPIO.o
 .debug_macro   0x00002114       0x42 ./src/GPIO.o
 .debug_macro   0x00002156       0x52 ./src/GPIO.o
 .debug_macro   0x000021a8       0x78 ./src/GPIO.o
 .debug_macro   0x00002220       0x82 ./src/GPIO.o
 .debug_macro   0x000022a2      0x48c ./src/GPIO.o
 .debug_macro   0x0000272e       0x34 ./src/GPIO.o
 .debug_macro   0x00002762      0x4c5 ./src/GPIO.o
 .debug_macro   0x00002c27      0x1b7 ./src/GPIO.o
 .debug_macro   0x00002dde       0x10 ./src/GPIO.o
 .debug_macro   0x00002dee      0x21b ./src/GPIO.o
 .debug_macro   0x00003009      0x1b9 ./src/GPIO.o
 .debug_macro   0x000031c2       0x40 ./src/GPIO.o
 .debug_macro   0x00003202       0x22 ./src/GPIO.o
 .debug_macro   0x00003224      0x162 ./src/GPIO.o
 .debug_macro   0x00003386       0x94 ./src/GPIO.o
 .debug_macro   0x0000341a       0xb8 ./src/GPIO.o
 .debug_macro   0x000034d2       0x4c ./src/GPIO.o
 .debug_macro   0x0000351e       0x16 ./src/GPIO.o
 .debug_macro   0x00003534      0x328 ./src/GPIO.o
 .debug_macro   0x0000385c       0x49 ./src/GPIO.o
 .debug_macro   0x000038a5       0x16 ./src/GPIO.o
 .debug_macro   0x000038bb       0xca ./src/GPIO.o
 .debug_macro   0x00003985       0x18 ./src/GPIO.o
 .debug_macro   0x0000399d       0x76 ./src/GPIO.o
 .debug_macro   0x00003a13       0x9a ./src/GPIO.o
 .debug_macro   0x00003aad       0x20 ./src/GPIO.o
 .debug_macro   0x00003acd       0x28 ./src/GPIO.o
 .debug_macro   0x00003af5      0x293 ./src/Main.o
 .debug_macro   0x00003d88       0x70 ./src/Main.o
 .debug_macro   0x00003df8       0x82 ./src/Main.o
 .debug_macro   0x00003e7a       0x22 ./src/Main.o
 .debug_macro   0x00003e9c       0xc4 ./src/Main.o
 .debug_macro   0x00003f60       0x22 ./src/Main.o
 .debug_macro   0x00003f82       0x6a ./src/Main.o
 .debug_macro   0x00003fec       0xe2 ./src/Main.o
 .debug_macro   0x000040ce      0x24e ./src/Sim908.o
 .debug_macro   0x0000431c       0x28 ./src/Sim908.o
 .debug_macro   0x00004344       0x74 ./src/Sim908.o
 .debug_macro   0x000043b8      0x229 ./src/Teclado.o
 .debug_macro   0x000045e1       0x82 ./src/Teclado.o
 .debug_macro   0x00004663       0x1d ./src/cr_startup_lpc175x_6x.o
 .debug_macro   0x00004680       0x1a ./src/crp.o
 .debug_macro   0x0000469a       0x34 ./src/crp.o
 .debug_macro   0x000046ce      0x217 ./src/sysinit.o
 .debug_macro   0x000048e5      0x282 G:\TD2_UNLaM - Repositorio\Programas\2016\Demo1769_20161024\lpc_board_nxp_lpcxpresso_1769\Debug\liblpc_board_nxp_lpcxpresso_1769.a(board.o)
 .debug_macro   0x00004b67      0x87a G:\TD2_UNLaM - Repositorio\Programas\2016\Demo1769_20161024\lpc_board_nxp_lpcxpresso_1769\Debug\liblpc_board_nxp_lpcxpresso_1769.a(board.o)
 .debug_macro   0x000053e1       0x12 G:\TD2_UNLaM - Repositorio\Programas\2016\Demo1769_20161024\lpc_board_nxp_lpcxpresso_1769\Debug\liblpc_board_nxp_lpcxpresso_1769.a(board.o)
 .debug_macro   0x000053f3      0x217 G:\TD2_UNLaM - Repositorio\Programas\2016\Demo1769_20161024\lpc_board_nxp_lpcxpresso_1769\Debug\liblpc_board_nxp_lpcxpresso_1769.a(board_sysinit.o)
 .debug_macro   0x0000560a      0x220 G:\TD2_UNLaM - Repositorio\Programas\2016\Demo1769_20161024\lib_ModuloSim908\Debug\liblib_ModuloSim908.a(LCD.o)
 .debug_macro   0x0000582a      0x87a G:\TD2_UNLaM - Repositorio\Programas\2016\Demo1769_20161024\lib_ModuloSim908\Debug\liblib_ModuloSim908.a(LCD.o)
 .debug_macro   0x000060a4       0xc4 G:\TD2_UNLaM - Repositorio\Programas\2016\Demo1769_20161024\lib_ModuloSim908\Debug\liblib_ModuloSim908.a(LCD.o)
 .debug_macro   0x00006168      0x234 G:\TD2_UNLaM - Repositorio\Programas\2016\Demo1769_20161024\lib_ModuloSim908\Debug\liblib_ModuloSim908.a(UART.o)
 .debug_macro   0x0000639c       0x70 G:\TD2_UNLaM - Repositorio\Programas\2016\Demo1769_20161024\lib_ModuloSim908\Debug\liblib_ModuloSim908.a(UART.o)
 .debug_macro   0x0000640c      0x1cd G:\TD2_UNLaM - Repositorio\Programas\2016\Demo1769_20161024\lpc_chip_175x_6x\Debug\liblpc_chip_175x_6x.a(chip_17xx_40xx.o)
 .debug_macro   0x000065d9      0x1cd G:\TD2_UNLaM - Repositorio\Programas\2016\Demo1769_20161024\lpc_chip_175x_6x\Debug\liblpc_chip_175x_6x.a(clock_17xx_40xx.o)
 .debug_macro   0x000067a6      0x1cd G:\TD2_UNLaM - Repositorio\Programas\2016\Demo1769_20161024\lpc_chip_175x_6x\Debug\liblpc_chip_175x_6x.a(iocon_17xx_40xx.o)
 .debug_macro   0x00006973       0x83 G:\TD2_UNLaM - Repositorio\Programas\2016\Demo1769_20161024\lpc_chip_175x_6x\Debug\liblpc_chip_175x_6x.a(ring_buffer.o)
 .debug_macro   0x000069f6       0x10 G:\TD2_UNLaM - Repositorio\Programas\2016\Demo1769_20161024\lpc_chip_175x_6x\Debug\liblpc_chip_175x_6x.a(ring_buffer.o)
 .debug_macro   0x00006a06      0x1cd G:\TD2_UNLaM - Repositorio\Programas\2016\Demo1769_20161024\lpc_chip_175x_6x\Debug\liblpc_chip_175x_6x.a(sysinit_17xx_40xx.o)
 .debug_macro   0x00006bd3      0x1cd G:\TD2_UNLaM - Repositorio\Programas\2016\Demo1769_20161024\lpc_chip_175x_6x\Debug\liblpc_chip_175x_6x.a(timer_17xx_40xx.o)
 .debug_macro   0x00006da0      0x1cd G:\TD2_UNLaM - Repositorio\Programas\2016\Demo1769_20161024\lpc_chip_175x_6x\Debug\liblpc_chip_175x_6x.a(uart_17xx_40xx.o)

.debug_line     0x00000000     0x63ee
 .debug_line    0x00000000      0x5eb ./src/GPIO.o
 .debug_line    0x000005eb      0xac0 ./src/Main.o
 .debug_line    0x000010ab      0x808 ./src/Sim908.o
 .debug_line    0x000018b3      0x790 ./src/Teclado.o
 .debug_line    0x00002043       0xd5 ./src/cr_startup_lpc175x_6x.o
 .debug_line    0x00002118       0x78 ./src/crp.o
 .debug_line    0x00002190      0x49d ./src/sysinit.o
 .debug_line    0x0000262d      0x825 G:\TD2_UNLaM - Repositorio\Programas\2016\Demo1769_20161024\lpc_board_nxp_lpcxpresso_1769\Debug\liblpc_board_nxp_lpcxpresso_1769.a(board.o)
 .debug_line    0x00002e52      0x4dd G:\TD2_UNLaM - Repositorio\Programas\2016\Demo1769_20161024\lpc_board_nxp_lpcxpresso_1769\Debug\liblpc_board_nxp_lpcxpresso_1769.a(board_sysinit.o)
 .debug_line    0x0000332f      0x84d G:\TD2_UNLaM - Repositorio\Programas\2016\Demo1769_20161024\lib_ModuloSim908\Debug\liblib_ModuloSim908.a(LCD.o)
 .debug_line    0x00003b7c      0x621 G:\TD2_UNLaM - Repositorio\Programas\2016\Demo1769_20161024\lib_ModuloSim908\Debug\liblib_ModuloSim908.a(UART.o)
 .debug_line    0x0000419d      0x45c G:\TD2_UNLaM - Repositorio\Programas\2016\Demo1769_20161024\lpc_chip_175x_6x\Debug\liblpc_chip_175x_6x.a(chip_17xx_40xx.o)
 .debug_line    0x000045f9      0x6d4 G:\TD2_UNLaM - Repositorio\Programas\2016\Demo1769_20161024\lpc_chip_175x_6x\Debug\liblpc_chip_175x_6x.a(clock_17xx_40xx.o)
 .debug_line    0x00004ccd      0x449 G:\TD2_UNLaM - Repositorio\Programas\2016\Demo1769_20161024\lpc_chip_175x_6x\Debug\liblpc_chip_175x_6x.a(iocon_17xx_40xx.o)
 .debug_line    0x00005116      0x25c G:\TD2_UNLaM - Repositorio\Programas\2016\Demo1769_20161024\lpc_chip_175x_6x\Debug\liblpc_chip_175x_6x.a(ring_buffer.o)
 .debug_line    0x00005372      0x4d3 G:\TD2_UNLaM - Repositorio\Programas\2016\Demo1769_20161024\lpc_chip_175x_6x\Debug\liblpc_chip_175x_6x.a(sysinit_17xx_40xx.o)
 .debug_line    0x00005845      0x46e G:\TD2_UNLaM - Repositorio\Programas\2016\Demo1769_20161024\lpc_chip_175x_6x\Debug\liblpc_chip_175x_6x.a(timer_17xx_40xx.o)
 .debug_line    0x00005cb3      0x73b G:\TD2_UNLaM - Repositorio\Programas\2016\Demo1769_20161024\lpc_chip_175x_6x\Debug\liblpc_chip_175x_6x.a(uart_17xx_40xx.o)

.debug_str      0x00000000    0x14610
 .debug_str     0x00000000    0x10aeb ./src/GPIO.o
                              0x10be1 (size before relaxing)
 .debug_str     0x00010aeb     0x1635 ./src/Main.o
                              0x1203d (size before relaxing)
 .debug_str     0x00012120      0x1d3 ./src/Sim908.o
                              0x1108f (size before relaxing)
 .debug_str     0x000122f3      0x499 ./src/Teclado.o
                              0x116a9 (size before relaxing)
 .debug_str     0x0001278c      0x1b2 ./src/cr_startup_lpc175x_6x.o
                               0x2652 (size before relaxing)
 .debug_str     0x0001293e       0xe9 ./src/crp.o
                               0x256a (size before relaxing)
 .debug_str     0x00012a27       0x1b ./src/sysinit.o
                              0x109a6 (size before relaxing)
 .debug_str     0x00012a42      0x929 G:\TD2_UNLaM - Repositorio\Programas\2016\Demo1769_20161024\lpc_board_nxp_lpcxpresso_1769\Debug\liblpc_board_nxp_lpcxpresso_1769.a(board.o)
                              0x1151e (size before relaxing)
 .debug_str     0x0001336b      0x22d G:\TD2_UNLaM - Repositorio\Programas\2016\Demo1769_20161024\lpc_board_nxp_lpcxpresso_1769\Debug\liblpc_board_nxp_lpcxpresso_1769.a(board_sysinit.o)
                              0x10db9 (size before relaxing)
 .debug_str     0x00013598      0x20b G:\TD2_UNLaM - Repositorio\Programas\2016\Demo1769_20161024\lib_ModuloSim908\Debug\liblib_ModuloSim908.a(LCD.o)
                              0x1154a (size before relaxing)
 .debug_str     0x000137a3       0xd0 G:\TD2_UNLaM - Repositorio\Programas\2016\Demo1769_20161024\lib_ModuloSim908\Debug\liblib_ModuloSim908.a(UART.o)
                              0x11060 (size before relaxing)
 .debug_str     0x00013873       0xc6 G:\TD2_UNLaM - Repositorio\Programas\2016\Demo1769_20161024\lpc_chip_175x_6x\Debug\liblpc_chip_175x_6x.a(chip_17xx_40xx.o)
                              0x107ff (size before relaxing)
 .debug_str     0x00013939      0x628 G:\TD2_UNLaM - Repositorio\Programas\2016\Demo1769_20161024\lpc_chip_175x_6x\Debug\liblpc_chip_175x_6x.a(clock_17xx_40xx.o)
                              0x1111e (size before relaxing)
 .debug_str     0x00013f61       0x79 G:\TD2_UNLaM - Repositorio\Programas\2016\Demo1769_20161024\lpc_chip_175x_6x\Debug\liblpc_chip_175x_6x.a(iocon_17xx_40xx.o)
                              0x1059b (size before relaxing)
 .debug_str     0x00013fda      0x131 G:\TD2_UNLaM - Repositorio\Programas\2016\Demo1769_20161024\lpc_chip_175x_6x\Debug\liblpc_chip_175x_6x.a(ring_buffer.o)
                               0x3fed (size before relaxing)
 .debug_str     0x0001410b       0xc4 G:\TD2_UNLaM - Repositorio\Programas\2016\Demo1769_20161024\lpc_chip_175x_6x\Debug\liblpc_chip_175x_6x.a(sysinit_17xx_40xx.o)
                              0x10783 (size before relaxing)
 .debug_str     0x000141cf      0x131 G:\TD2_UNLaM - Repositorio\Programas\2016\Demo1769_20161024\lpc_chip_175x_6x\Debug\liblpc_chip_175x_6x.a(timer_17xx_40xx.o)
                              0x108cc (size before relaxing)
 .debug_str     0x00014300      0x310 G:\TD2_UNLaM - Repositorio\Programas\2016\Demo1769_20161024\lpc_chip_175x_6x\Debug\liblpc_chip_175x_6x.a(uart_17xx_40xx.o)
                              0x10fb6 (size before relaxing)

.comment        0x00000000       0xe0
 .comment       0x00000000       0x70 ./src/GPIO.o
                                 0x71 (size before relaxing)
 .comment       0x00000000       0x71 ./src/Main.o
 .comment       0x00000000       0x71 ./src/Sim908.o
 .comment       0x00000000       0x71 ./src/Teclado.o
 .comment       0x00000000       0x71 ./src/cr_startup_lpc175x_6x.o
 .comment       0x00000000       0x71 ./src/crp.o
 .comment       0x00000000       0x71 ./src/sysinit.o
 .comment       0x00000000       0x71 G:\TD2_UNLaM - Repositorio\Programas\2016\Demo1769_20161024\lpc_board_nxp_lpcxpresso_1769\Debug\liblpc_board_nxp_lpcxpresso_1769.a(board.o)
 .comment       0x00000000       0x71 G:\TD2_UNLaM - Repositorio\Programas\2016\Demo1769_20161024\lpc_board_nxp_lpcxpresso_1769\Debug\liblpc_board_nxp_lpcxpresso_1769.a(board_sysinit.o)
 .comment       0x00000000       0x71 G:\TD2_UNLaM - Repositorio\Programas\2016\Demo1769_20161024\lib_ModuloSim908\Debug\liblib_ModuloSim908.a(LCD.o)
 .comment       0x00000000       0x71 G:\TD2_UNLaM - Repositorio\Programas\2016\Demo1769_20161024\lib_ModuloSim908\Debug\liblib_ModuloSim908.a(UART.o)
 .comment       0x00000000       0x71 G:\TD2_UNLaM - Repositorio\Programas\2016\Demo1769_20161024\lpc_chip_175x_6x\Debug\liblpc_chip_175x_6x.a(chip_17xx_40xx.o)
 .comment       0x00000000       0x71 G:\TD2_UNLaM - Repositorio\Programas\2016\Demo1769_20161024\lpc_chip_175x_6x\Debug\liblpc_chip_175x_6x.a(clock_17xx_40xx.o)
 .comment       0x00000000       0x71 G:\TD2_UNLaM - Repositorio\Programas\2016\Demo1769_20161024\lpc_chip_175x_6x\Debug\liblpc_chip_175x_6x.a(iocon_17xx_40xx.o)
 .comment       0x00000000       0x71 G:\TD2_UNLaM - Repositorio\Programas\2016\Demo1769_20161024\lpc_chip_175x_6x\Debug\liblpc_chip_175x_6x.a(ring_buffer.o)
 .comment       0x00000000       0x71 G:\TD2_UNLaM - Repositorio\Programas\2016\Demo1769_20161024\lpc_chip_175x_6x\Debug\liblpc_chip_175x_6x.a(sysinit_17xx_40xx.o)
 .comment       0x00000000       0x71 G:\TD2_UNLaM - Repositorio\Programas\2016\Demo1769_20161024\lpc_chip_175x_6x\Debug\liblpc_chip_175x_6x.a(timer_17xx_40xx.o)
 .comment       0x00000000       0x71 G:\TD2_UNLaM - Repositorio\Programas\2016\Demo1769_20161024\lpc_chip_175x_6x\Debug\liblpc_chip_175x_6x.a(uart_17xx_40xx.o)
 .comment       0x00000070       0x70 c:/nxp/lpcxpresso_7.9.0_455/lpcxpresso/tools/bin/../lib/gcc/arm-none-eabi/4.9.3/../../../../arm-none-eabi/lib/armv7-m\libcr_semihost.a(_cr__main.o)
                                 0x71 (size before relaxing)
 .comment       0x00000000       0x71 c:/nxp/lpcxpresso_7.9.0_455/lpcxpresso/tools/bin/../lib/gcc/arm-none-eabi/4.9.3/../../../../arm-none-eabi/lib/armv7-m\libcr_c.a(memcpy.o)
 .comment       0x00000000       0x71 c:/nxp/lpcxpresso_7.9.0_455/lpcxpresso/tools/bin/../lib/gcc/arm-none-eabi/4.9.3/../../../../arm-none-eabi/lib/armv7-m\libcr_c.a(memset.o)
 .comment       0x00000000       0x71 c:/nxp/lpcxpresso_7.9.0_455/lpcxpresso/tools/bin/../lib/gcc/arm-none-eabi/4.9.3/../../../../arm-none-eabi/lib/armv7-m\libcr_c.a(fpprintf.o)
 .comment       0x00000000       0x71 c:/nxp/lpcxpresso_7.9.0_455/lpcxpresso/tools/bin/../lib/gcc/arm-none-eabi/4.9.3/../../../../arm-none-eabi/lib/armv7-m\libcr_c.a(initio.o)
 .comment       0x00000000       0x71 c:/nxp/lpcxpresso_7.9.0_455/lpcxpresso/tools/bin/../lib/gcc/arm-none-eabi/4.9.3/../../../../arm-none-eabi/lib/armv7-m\libcr_c.a(printf.o)
 .comment       0x00000000       0x71 c:/nxp/lpcxpresso_7.9.0_455/lpcxpresso/tools/bin/../lib/gcc/arm-none-eabi/4.9.3/../../../../arm-none-eabi/lib/armv7-m\libcr_c.a(setvbuf.o)
 .comment       0x00000000       0x71 c:/nxp/lpcxpresso_7.9.0_455/lpcxpresso/tools/bin/../lib/gcc/arm-none-eabi/4.9.3/../../../../arm-none-eabi/lib/armv7-m\libcr_c.a(stdio.o)
 .comment       0x00000000       0x71 c:/nxp/lpcxpresso_7.9.0_455/lpcxpresso/tools/bin/../lib/gcc/arm-none-eabi/4.9.3/../../../../arm-none-eabi/lib/armv7-m\libcr_c.a(strlen.o)
 .comment       0x00000000       0x71 c:/nxp/lpcxpresso_7.9.0_455/lpcxpresso/tools/bin/../lib/gcc/arm-none-eabi/4.9.3/../../../../arm-none-eabi/lib/armv7-m\libcr_c.a(_deferredlazyseek.o)
 .comment       0x00000000       0x71 c:/nxp/lpcxpresso_7.9.0_455/lpcxpresso/tools/bin/../lib/gcc/arm-none-eabi/4.9.3/../../../../arm-none-eabi/lib/armv7-m\libcr_c.a(_fdopen.o)
 .comment       0x00000000       0x71 c:/nxp/lpcxpresso_7.9.0_455/lpcxpresso/tools/bin/../lib/gcc/arm-none-eabi/4.9.3/../../../../arm-none-eabi/lib/armv7-m\libcr_c.a(_fflush.o)
 .comment       0x00000000       0x71 c:/nxp/lpcxpresso_7.9.0_455/lpcxpresso/tools/bin/../lib/gcc/arm-none-eabi/4.9.3/../../../../arm-none-eabi/lib/armv7-m\libcr_c.a(_frexpl.o)
 .comment       0x00000000       0x71 c:/nxp/lpcxpresso_7.9.0_455/lpcxpresso/tools/bin/../lib/gcc/arm-none-eabi/4.9.3/../../../../arm-none-eabi/lib/armv7-m\libcr_c.a(_hugeval.o)
 .comment       0x00000000       0x71 c:/nxp/lpcxpresso_7.9.0_455/lpcxpresso/tools/bin/../lib/gcc/arm-none-eabi/4.9.3/../../../../arm-none-eabi/lib/armv7-m\libcr_c.a(_ldexpl.o)
 .comment       0x00000000       0x71 c:/nxp/lpcxpresso_7.9.0_455/lpcxpresso/tools/bin/../lib/gcc/arm-none-eabi/4.9.3/../../../../arm-none-eabi/lib/armv7-m\libcr_c.a(_writebuf.o)
 .comment       0x00000000       0x71 c:/nxp/lpcxpresso_7.9.0_455/lpcxpresso/tools/bin/../lib/gcc/arm-none-eabi/4.9.3/../../../../arm-none-eabi/lib/armv7-m\libcr_c.a(alloc.o)
 .comment       0x00000000       0x71 c:/nxp/lpcxpresso_7.9.0_455/lpcxpresso/tools/bin/../lib/gcc/arm-none-eabi/4.9.3/../../../../arm-none-eabi/lib/armv7-m\libcr_c.a(errno.o)
 .comment       0x00000000       0x71 c:/nxp/lpcxpresso_7.9.0_455/lpcxpresso/tools/bin/../lib/gcc/arm-none-eabi/4.9.3/../../../../arm-none-eabi/lib/armv7-m\libcr_c.a(fclose.o)
 .comment       0x00000000       0x71 c:/nxp/lpcxpresso_7.9.0_455/lpcxpresso/tools/bin/../lib/gcc/arm-none-eabi/4.9.3/../../../../arm-none-eabi/lib/armv7-m\libcr_c.a(fflush.o)
 .comment       0x00000000       0x71 c:/nxp/lpcxpresso_7.9.0_455/lpcxpresso/tools/bin/../lib/gcc/arm-none-eabi/4.9.3/../../../../arm-none-eabi/lib/armv7-m\libcr_c.a(fseek.o)
 .comment       0x00000000       0x71 c:/nxp/lpcxpresso_7.9.0_455/lpcxpresso/tools/bin/../lib/gcc/arm-none-eabi/4.9.3/../../../../arm-none-eabi/lib/armv7-m\libcr_c.a(ftell.o)
 .comment       0x00000000       0x71 c:/nxp/lpcxpresso_7.9.0_455/lpcxpresso/tools/bin/../lib/gcc/arm-none-eabi/4.9.3/../../../../arm-none-eabi/lib/armv7-m\libcr_c.a(remove.o)
 .comment       0x00000000       0x71 c:/nxp/lpcxpresso_7.9.0_455/lpcxpresso/tools/bin/../lib/gcc/arm-none-eabi/4.9.3/../../../../arm-none-eabi/lib/armv7-m\libcr_c.a(__init_alloc.o)
 .comment       0x00000000       0x71 c:/nxp/lpcxpresso_7.9.0_455/lpcxpresso/tools/bin/../lib/gcc/arm-none-eabi/4.9.3/../../../../arm-none-eabi/lib/armv7-m\libcr_c.a(_cr_sbrk.o)
 .comment       0x00000000       0x71 c:/nxp/lpcxpresso_7.9.0_455/lpcxpresso/tools/bin/../lib/gcc/arm-none-eabi/4.9.3/../../../../arm-none-eabi/lib/armv7-m\libcr_c.a(_do_fflush.o)
 .comment       0x00000000       0x71 c:/nxp/lpcxpresso_7.9.0_455/lpcxpresso/tools/bin/../lib/gcc/arm-none-eabi/4.9.3/../../../../arm-none-eabi/lib/armv7-m\libcr_c.a(_cr_check_heap.o)
 .comment       0x00000000       0x71 c:/nxp/lpcxpresso_7.9.0_455/lpcxpresso/tools/bin/../lib/gcc/arm-none-eabi/4.9.3/armv7-m\libcr_eabihelpers.a(double.o)

.ARM.attributes
                0x00000000       0x31
 .ARM.attributes
                0x00000000       0x33 ./src/GPIO.o
 .ARM.attributes
                0x00000033       0x33 ./src/Main.o
 .ARM.attributes
                0x00000066       0x33 ./src/Sim908.o
 .ARM.attributes
                0x00000099       0x33 ./src/Teclado.o
 .ARM.attributes
                0x000000cc       0x33 ./src/cr_startup_lpc175x_6x.o
 .ARM.attributes
                0x000000ff       0x33 ./src/crp.o
 .ARM.attributes
                0x00000132       0x33 ./src/sysinit.o
 .ARM.attributes
                0x00000165       0x33 G:\TD2_UNLaM - Repositorio\Programas\2016\Demo1769_20161024\lpc_board_nxp_lpcxpresso_1769\Debug\liblpc_board_nxp_lpcxpresso_1769.a(board.o)
 .ARM.attributes
                0x00000198       0x33 G:\TD2_UNLaM - Repositorio\Programas\2016\Demo1769_20161024\lpc_board_nxp_lpcxpresso_1769\Debug\liblpc_board_nxp_lpcxpresso_1769.a(board_sysinit.o)
 .ARM.attributes
                0x000001cb       0x33 G:\TD2_UNLaM - Repositorio\Programas\2016\Demo1769_20161024\lib_ModuloSim908\Debug\liblib_ModuloSim908.a(LCD.o)
 .ARM.attributes
                0x000001fe       0x33 G:\TD2_UNLaM - Repositorio\Programas\2016\Demo1769_20161024\lib_ModuloSim908\Debug\liblib_ModuloSim908.a(UART.o)
 .ARM.attributes
                0x00000231       0x33 G:\TD2_UNLaM - Repositorio\Programas\2016\Demo1769_20161024\lpc_chip_175x_6x\Debug\liblpc_chip_175x_6x.a(chip_17xx_40xx.o)
 .ARM.attributes
                0x00000264       0x33 G:\TD2_UNLaM - Repositorio\Programas\2016\Demo1769_20161024\lpc_chip_175x_6x\Debug\liblpc_chip_175x_6x.a(clock_17xx_40xx.o)
 .ARM.attributes
                0x00000297       0x33 G:\TD2_UNLaM - Repositorio\Programas\2016\Demo1769_20161024\lpc_chip_175x_6x\Debug\liblpc_chip_175x_6x.a(iocon_17xx_40xx.o)
 .ARM.attributes
                0x000002ca       0x33 G:\TD2_UNLaM - Repositorio\Programas\2016\Demo1769_20161024\lpc_chip_175x_6x\Debug\liblpc_chip_175x_6x.a(ring_buffer.o)
 .ARM.attributes
                0x000002fd       0x33 G:\TD2_UNLaM - Repositorio\Programas\2016\Demo1769_20161024\lpc_chip_175x_6x\Debug\liblpc_chip_175x_6x.a(sysinit_17xx_40xx.o)
 .ARM.attributes
                0x00000330       0x33 G:\TD2_UNLaM - Repositorio\Programas\2016\Demo1769_20161024\lpc_chip_175x_6x\Debug\liblpc_chip_175x_6x.a(timer_17xx_40xx.o)
 .ARM.attributes
                0x00000363       0x33 G:\TD2_UNLaM - Repositorio\Programas\2016\Demo1769_20161024\lpc_chip_175x_6x\Debug\liblpc_chip_175x_6x.a(uart_17xx_40xx.o)
 .ARM.attributes
                0x00000396       0x33 c:/nxp/lpcxpresso_7.9.0_455/lpcxpresso/tools/bin/../lib/gcc/arm-none-eabi/4.9.3/../../../../arm-none-eabi/lib/armv7-m\libcr_semihost.a(_cr__main.o)
 .ARM.attributes
                0x000003c9       0x33 c:/nxp/lpcxpresso_7.9.0_455/lpcxpresso/tools/bin/../lib/gcc/arm-none-eabi/4.9.3/../../../../arm-none-eabi/lib/armv7-m\libcr_c.a(memcpy.o)
 .ARM.attributes
                0x000003fc       0x33 c:/nxp/lpcxpresso_7.9.0_455/lpcxpresso/tools/bin/../lib/gcc/arm-none-eabi/4.9.3/../../../../arm-none-eabi/lib/armv7-m\libcr_c.a(memset.o)
 .ARM.attributes