16:05:02 **** Incremental Build of configuration Debug for project Main ****
make -r all 
Building file: ../src/GPIO.c
Invoking: MCU C Compiler
arm-none-eabi-gcc -DDEBUG -D__CODE_RED -DCORE_M3 -D__USE_LPCOPEN -D__LPC17XX__ -D__REDLIB__ -I"G:\TD2_UNLaM - Repositorio\Programas\2016\Demo1769_20161024\lpc_board_nxp_lpcxpresso_1769\inc" -I"G:\TD2_UNLaM - Repositorio\Programas\2016\Demo1769_20161024\lib_ModuloSim908\inc" -I"G:\TD2_UNLaM - Repositorio\Programas\2016\Demo1769_20161024\lpc_chip_175x_6x\inc" -O0 -g3 -Wall -c -fmessage-length=0 -fno-builtin -ffunction-sections -fdata-sections -mcpu=cortex-m3 -mthumb -D__REDLIB__ -specs=redlib.specs -MMD -MP -MF"src/GPIO.d" -MT"src/GPIO.o" -MT"src/GPIO.d" -o "src/GPIO.o" "../src/GPIO.c"
Finished building: ../src/GPIO.c
 
Building target: Main.axf
Invoking: MCU Linker
arm-none-eabi-gcc -nostdlib -L"G:\TD2_UNLaM - Repositorio\Programas\2016\Demo1769_20161024\lib_ModuloSim908\Debug" -L"G:\TD2_UNLaM - Repositorio\Programas\2016\Demo1769_20161024\lpc_board_nxp_lpcxpresso_1769\Debug" -L"G:\TD2_UNLaM - Repositorio\Programas\2016\Demo1769_20161024\lpc_chip_175x_6x\Debug" -Xlinker -Map="Main.map" -Xlinker --gc-sections -mcpu=cortex-m3 -mthumb -T "Main_Debug.ld" -o "Main.axf"  ./src/GPIO.o ./src/Main.o ./src/Sim908.o ./src/Teclado.o ./src/cr_startup_lpc175x_6x.o ./src/crp.o ./src/sysinit.o   -llpc_board_nxp_lpcxpresso_1769 -llib_ModuloSim908 -llpc_chip_175x_6x
Finished building target: Main.axf
 
make --no-print-directory post-build
Performing post-build steps
arm-none-eabi-size "Main.axf"; # arm-none-eabi-objcopy -v -O binary "Main.axf" "Main.bin" ; # checksum -p LPC1769 -d "Main.bin";
   text	   data	    bss	    dec	    hex	filename
  22888	      0	    724	  23612	   5c3c	Main.axf
 

16:05:03 Build Finished (took 540ms)

